<html>
<body>
<pre>
<h1>µVision Build Log</h1>
<h2>Tool Versions:</h2>
IDE-Version: ?Vision V5.22.0.0
Copyright (C) 2016 ARM Ltd and ARM Germany GmbH. All rights reserved.
License Information: Pisit Rojthongkham, STMicroelectronics, LIC=6XJUJ-DWLTZ-0AUH6-BQ9NI-47UGM-XFR9C
 
Tool Versions:
Toolchain:       MDK-ARM Professional  Version: 5.22
Toolchain Path:  C:\Keil_v5\ARM\ARMCC\Bin
C Compiler:      Armcc.exe V5.06 update 4 (build 422)
Assembler:       Armasm.exe V5.06 update 4 (build 422)
Linker/Locator:  ArmLink.exe V5.06 update 4 (build 422)
Library Manager: ArmAr.exe V5.06 update 4 (build 422)
Hex Converter:   FromElf.exe V5.06 update 4 (build 422)
CPU DLL:         SARMCM3.DLL V5.22
Dialog DLL:      DARMCM1.DLL V1.15.0.0
Target DLL:      STLink\ST-LINKIII-KEIL_SWO.dll V2.0.18.0
Dialog DLL:      TARMCM1.DLL V1.11.0.0
 
<h2>Project:</h2>
C:\Users\pisit rojthongkham\Desktop\LoRa - TESA\Hand-on\STM32CubeExpansion_LRWAN_V1.1.0\Projects\Multi\Applications\LoRa\End_Node - Murata\MDK-ARM\B-L072Z-LRWAN1\Lora.uvprojx
Project File Date:  07/18/2017

<h2>Output:</h2>
*** Using Compiler 'V5.06 update 4 (build 422)', folder: 'C:\Keil_v5\ARM\ARMCC\Bin'
Rebuild target 'mlm32l07x01'
compiling HTS221_Driver_HL.c...
compiling HTS221_Driver.c...
compiling LPS22HB_Driver.c...
compiling LPS22HB_Driver_HL.c...
compiling LPS25HB_Driver_HL.c...
compiling LPS25HB_Driver.c...
compiling x_nucleo_iks01a1.c...
compiling x_nucleo_iks01a1_humidity.c...
compiling x_nucleo_iks01a1_pressure.c...
compiling x_nucleo_iks01a1_temperature.c...
compiling mlm32l07x01.c...
compiling sx1276.c...
compiling b-l072z-lrwan1.c...
compiling system_stm32l0xx.c...
compiling stm32l0xx_hal_spi.c...
compiling stm32l0xx_hal_uart.c...
compiling stm32l0xx_hal_adc.c...
compiling stm32l0xx_hal_rcc.c...
compiling stm32l0xx_hal.c...
compiling stm32l0xx_hal_cortex.c...
compiling stm32l0xx_hal_rcc_ex.c...
compiling stm32l0xx_hal_gpio.c...
compiling stm32l0xx_hal_pwr.c...
compiling stm32l0xx_hal_dma.c...
compiling stm32l0xx_hal_pwr_ex.c...
compiling stm32l0xx_hal_rtc.c...
compiling stm32l0xx_hal_rtc_ex.c...
compiling stm32l0xx_hal_tim_ex.c...
compiling stm32l0xx_hal_adc_ex.c...
compiling stm32l0xx_hal_tim.c...
assembling startup_stm32l072xx.s...
compiling stm32l0xx_hal_uart_ex.c...
compiling bsp.c...
compiling stm32l0xx_hal_i2c.c...
compiling debug.c...
compiling hw_gpio.c...
compiling hw_rtc.c...
compiling hw_spi.c...
compiling vcom.c...
compiling main.c...
..\..\src\main.c(227): warning:  #550-D: variable "Bat_Display"  was set but never used
  	int16_t Bat_Display;
..\..\src\main.c: 1 warning, 0 errors
compiling mlm32l0xx_hal_msp.c...
compiling mlm32l0xx_it.c...
compiling mlm32l0xx_hw.c...
compiling lora.c...
compiling LoRaMacCrypto.c...
compiling Region.c...
compiling LoRaMac.c...
compiling RegionAU915.c...
compiling RegionAS923.c...
compiling RegionCN470.c...
compiling RegionCommon.c...
compiling RegionCN779.c...
compiling RegionEU433.c...
compiling RegionEU868.c...
compiling RegionIN865.c...
compiling RegionKR920.c...
compiling delay.c...
compiling RegionUS915.c...
compiling RegionUS915-Hybrid.c...
compiling low_power.c...
compiling utilities.c...
compiling timeServer.c...
compiling aes.c...
compiling cmac.c...
linking...
Program Size: Code=38308 RO-data=1476 RW-data=364 ZI-data=4164  
FromELF: creating hex file...
After Build - User command #1: C:\Keil_v5\\ARM\ARMCC\bin\fromelf.exe --bin --output=NUCLEO_CUBE_LORA.bin .\mlm32l07x01\NUCLEO_CUBE_LORA.axf
".\mlm32l07x01\NUCLEO_CUBE_LORA.axf" - 0 Error(s), 1 Warning(s).

<h2>Collection of Component include folders:</h2>
  C:\Users\pisit rojthongkham\Desktop\LoRa - TESA\Hand-on\STM32CubeExpansion_LRWAN_V1.1.0\Projects\Multi\Applications\LoRa\End_Node - Murata\MDK-ARM\B-L072Z-LRWAN1\RTE\_mlm32l07x01
  C:\Keil_v5\ARM\PACK\Keil\STM32L0xx_DFP\1.6.0\Device\Include

<h2>Collection of Component Files used:</h2>
Build Time Elapsed:  00:00:54
</pre>
</body>
</html>
