Component: ARM Compiler 5.06 update 5 (build 528) Tool: armlink [4d35e2]

==============================================================================

Section Cross References

    hts221_driver.o(i.HTS221_Activate) refers to hts221_driver.o(i.HTS221_ReadReg) for HTS221_ReadReg
    hts221_driver.o(i.HTS221_Activate) refers to hts221_driver.o(i.HTS221_WriteReg) for HTS221_WriteReg
    hts221_driver.o(i.HTS221_DeActivate) refers to hts221_driver.o(i.HTS221_ReadReg) for HTS221_ReadReg
    hts221_driver.o(i.HTS221_DeActivate) refers to hts221_driver.o(i.HTS221_WriteReg) for HTS221_WriteReg
    hts221_driver.o(i.HTS221_DeInit) refers to hts221_driver.o(i.HTS221_ReadReg) for HTS221_ReadReg
    hts221_driver.o(i.HTS221_DeInit) refers to hts221_driver.o(i.HTS221_WriteReg) for HTS221_WriteReg
    hts221_driver.o(i.HTS221_Get_AvgHT) refers to hts221_driver.o(i.HTS221_ReadReg) for HTS221_ReadReg
    hts221_driver.o(i.HTS221_Get_BduMode) refers to hts221_driver.o(i.HTS221_ReadReg) for HTS221_ReadReg
    hts221_driver.o(i.HTS221_Get_DataStatus) refers to hts221_driver.o(i.HTS221_ReadReg) for HTS221_ReadReg
    hts221_driver.o(i.HTS221_Get_DeviceID) refers to hts221_driver.o(i.HTS221_ReadReg) for HTS221_ReadReg
    hts221_driver.o(i.HTS221_Get_HeaterState) refers to hts221_driver.o(i.HTS221_ReadReg) for HTS221_ReadReg
    hts221_driver.o(i.HTS221_Get_Humidity) refers to hts221_driver.o(i.HTS221_ReadReg) for HTS221_ReadReg
    hts221_driver.o(i.HTS221_Get_Humidity) refers to fflti.o(.text) for __aeabi_i2f
    hts221_driver.o(i.HTS221_Get_Humidity) refers to fmul.o(.text) for __aeabi_fmul
    hts221_driver.o(i.HTS221_Get_Humidity) refers to fdiv.o(.text) for __aeabi_fdiv
    hts221_driver.o(i.HTS221_Get_Humidity) refers to fadd.o(.text) for __aeabi_fadd
    hts221_driver.o(i.HTS221_Get_Humidity) refers to ffixui.o(.text) for __aeabi_f2uiz
    hts221_driver.o(i.HTS221_Get_HumidityRaw) refers to hts221_driver.o(i.HTS221_ReadReg) for HTS221_ReadReg
    hts221_driver.o(i.HTS221_Get_InitConfig) refers to hts221_driver.o(i.HTS221_ReadReg) for HTS221_ReadReg
    hts221_driver.o(i.HTS221_Get_IrqActiveLevel) refers to hts221_driver.o(i.HTS221_ReadReg) for HTS221_ReadReg
    hts221_driver.o(i.HTS221_Get_IrqEnable) refers to hts221_driver.o(i.HTS221_ReadReg) for HTS221_ReadReg
    hts221_driver.o(i.HTS221_Get_IrqOutputType) refers to hts221_driver.o(i.HTS221_ReadReg) for HTS221_ReadReg
    hts221_driver.o(i.HTS221_Get_Measurement) refers to hts221_driver.o(i.HTS221_Get_Temperature) for HTS221_Get_Temperature
    hts221_driver.o(i.HTS221_Get_Measurement) refers to hts221_driver.o(i.HTS221_Get_Humidity) for HTS221_Get_Humidity
    hts221_driver.o(i.HTS221_Get_Odr) refers to hts221_driver.o(i.HTS221_ReadReg) for HTS221_ReadReg
    hts221_driver.o(i.HTS221_Get_PowerDownMode) refers to hts221_driver.o(i.HTS221_ReadReg) for HTS221_ReadReg
    hts221_driver.o(i.HTS221_Get_RawMeasurement) refers to hts221_driver.o(i.HTS221_ReadReg) for HTS221_ReadReg
    hts221_driver.o(i.HTS221_Get_Temperature) refers to hts221_driver.o(i.HTS221_ReadReg) for HTS221_ReadReg
    hts221_driver.o(i.HTS221_Get_Temperature) refers to fflti.o(.text) for __aeabi_i2f
    hts221_driver.o(i.HTS221_Get_Temperature) refers to fmul.o(.text) for __aeabi_fmul
    hts221_driver.o(i.HTS221_Get_Temperature) refers to fdiv.o(.text) for __aeabi_fdiv
    hts221_driver.o(i.HTS221_Get_Temperature) refers to fadd.o(.text) for __aeabi_fadd
    hts221_driver.o(i.HTS221_Get_Temperature) refers to ffixi.o(.text) for __aeabi_f2iz
    hts221_driver.o(i.HTS221_Get_TemperatureRaw) refers to hts221_driver.o(i.HTS221_ReadReg) for HTS221_ReadReg
    hts221_driver.o(i.HTS221_IsMeasurementCompleted) refers to hts221_driver.o(i.HTS221_ReadReg) for HTS221_ReadReg
    hts221_driver.o(i.HTS221_MemoryBoot) refers to hts221_driver.o(i.HTS221_ReadReg) for HTS221_ReadReg
    hts221_driver.o(i.HTS221_MemoryBoot) refers to hts221_driver.o(i.HTS221_WriteReg) for HTS221_WriteReg
    hts221_driver.o(i.HTS221_ReadReg) refers to x_nucleo_iks01a1.o(i.Sensor_IO_Read) for Sensor_IO_Read
    hts221_driver.o(i.HTS221_Set_AvgH) refers to hts221_driver.o(i.HTS221_assert_failed) for HTS221_assert_failed
    hts221_driver.o(i.HTS221_Set_AvgH) refers to hts221_driver.o(i.HTS221_ReadReg) for HTS221_ReadReg
    hts221_driver.o(i.HTS221_Set_AvgH) refers to hts221_driver.o(i.HTS221_WriteReg) for HTS221_WriteReg
    hts221_driver.o(i.HTS221_Set_AvgH) refers to hts221_driver.o(.conststring) for .conststring
    hts221_driver.o(i.HTS221_Set_AvgHT) refers to hts221_driver.o(i.HTS221_assert_failed) for HTS221_assert_failed
    hts221_driver.o(i.HTS221_Set_AvgHT) refers to hts221_driver.o(i.HTS221_ReadReg) for HTS221_ReadReg
    hts221_driver.o(i.HTS221_Set_AvgHT) refers to hts221_driver.o(i.HTS221_WriteReg) for HTS221_WriteReg
    hts221_driver.o(i.HTS221_Set_AvgHT) refers to hts221_driver.o(.conststring) for .conststring
[...]
    _printf_truncate_signed                  0x00000000   Number         0  stubs.o ABSOLUTE
    _printf_truncate_unsigned                0x00000000   Number         0  stubs.o ABSOLUTE
    _printf_u                                0x00000000   Number         0  stubs.o ABSOLUTE
    _printf_wc                               0x00000000   Number         0  stubs.o ABSOLUTE
    _printf_wctomb                           0x00000000   Number         0  stubs.o ABSOLUTE
    _printf_widthprec                        0x00000000   Number         0  stubs.o ABSOLUTE
    _printf_x                                0x00000000   Number         0  stubs.o ABSOLUTE
    __cpp_initialize__aeabi_                  - Undefined Weak Reference
    __cxa_finalize                            - Undefined Weak Reference
    _clock_init                               - Undefined Weak Reference
    _microlib_exit                            - Undefined Weak Reference
    __Vectors_Size                           0x000000c0   Number         0  startup_stm32l072xx.o ABSOLUTE
    __Vectors                                0x08000000   Data           4  startup_stm32l072xx.o(RESET)
    __Vectors_End                            0x080000c0   Data           0  startup_stm32l072xx.o(RESET)
    __main                                   0x080000c1   Thumb Code     0  entry.o(.ARM.Collect$$$$00000000)
    _main_stk                                0x080000c1   Thumb Code     0  entry2.o(.ARM.Collect$$$$00000001)
    _main_scatterload                        0x080000c5   Thumb Code     0  entry5.o(.ARM.Collect$$$$00000004)
    __main_after_scatterload                 0x080000c9   Thumb Code     0  entry5.o(.ARM.Collect$$$$00000004)
    _main_clock                              0x080000c9   Thumb Code     0  entry7b.o(.ARM.Collect$$$$00000008)
    _main_cpp_init                           0x080000c9   Thumb Code     0  entry8b.o(.ARM.Collect$$$$0000000A)
    _main_init                               0x080000c9   Thumb Code     0  entry9a.o(.ARM.Collect$$$$0000000B)
    __rt_final_cpp                           0x080000d1   Thumb Code     0  entry10a.o(.ARM.Collect$$$$0000000D)
    __rt_final_exit                          0x080000d1   Thumb Code     0  entry11a.o(.ARM.Collect$$$$0000000F)
    Reset_Handler                            0x080000d5   Thumb Code     8  startup_stm32l072xx.o(.text)
    ADC1_COMP_IRQHandler                     0x080000e7   Thumb Code     0  startup_stm32l072xx.o(.text)
    DMA1_Channel1_IRQHandler                 0x080000e7   Thumb Code     0  startup_stm32l072xx.o(.text)
    DMA1_Channel2_3_IRQHandler               0x080000e7   Thumb Code     0  startup_stm32l072xx.o(.text)
    DMA1_Channel4_5_6_7_IRQHandler           0x080000e7   Thumb Code     0  startup_stm32l072xx.o(.text)
    FLASH_IRQHandler                         0x080000e7   Thumb Code     0  startup_stm32l072xx.o(.text)
    I2C1_IRQHandler                          0x080000e7   Thumb Code     0  startup_stm32l072xx.o(.text)
    I2C2_IRQHandler                          0x080000e7   Thumb Code     0  startup_stm32l072xx.o(.text)
    I2C3_IRQHandler                          0x080000e7   Thumb Code     0  startup_stm32l072xx.o(.text)
    LPTIM1_IRQHandler                        0x080000e7   Thumb Code     0  startup_stm32l072xx.o(.text)
    PVD_IRQHandler                           0x080000e7   Thumb Code     0  startup_stm32l072xx.o(.text)
    RCC_CRS_IRQHandler                       0x080000e7   Thumb Code     0  startup_stm32l072xx.o(.text)
    RNG_LPUART1_IRQHandler                   0x080000e7   Thumb Code     0  startup_stm32l072xx.o(.text)
    SPI1_IRQHandler                          0x080000e7   Thumb Code     0  startup_stm32l072xx.o(.text)
    SPI2_IRQHandler                          0x080000e7   Thumb Code     0  startup_stm32l072xx.o(.text)
    TIM21_IRQHandler                         0x080000e7   Thumb Code     0  startup_stm32l072xx.o(.text)
    TIM22_IRQHandler                         0x080000e7   Thumb Code     0  startup_stm32l072xx.o(.text)
    TIM2_IRQHandler                          0x080000e7   Thumb Code     0  startup_stm32l072xx.o(.text)
    TIM3_IRQHandler                          0x080000e7   Thumb Code     0  startup_stm32l072xx.o(.text)
    TIM6_DAC_IRQHandler                      0x080000e7   Thumb Code     0  startup_stm32l072xx.o(.text)
    TIM7_IRQHandler                          0x080000e7   Thumb Code     0  startup_stm32l072xx.o(.text)
    TSC_IRQHandler                           0x080000e7   Thumb Code     0  startup_stm32l072xx.o(.text)
    USART1_IRQHandler                        0x080000e7   Thumb Code     0  startup_stm32l072xx.o(.text)
    USART4_5_IRQHandler                      0x080000e7   Thumb Code     0  startup_stm32l072xx.o(.text)
    USB_IRQHandler                           0x080000e7   Thumb Code     0  startup_stm32l072xx.o(.text)
    WWDG_IRQHandler                          0x080000e7   Thumb Code     0  startup_stm32l072xx.o(.text)
    __aeabi_uidiv                            0x080000f1   Thumb Code     0  uidiv.o(.text)
    __aeabi_uidivmod                         0x080000f1   Thumb Code    44  uidiv.o(.text)
    __aeabi_idiv                             0x0800011d   Thumb Code     0  idiv.o(.text)
    __aeabi_idivmod                          0x0800011d   Thumb Code    40  idiv.o(.text)
    __aeabi_uldivmod                         0x08000145   Thumb Code    96  uldiv.o(.text)
    __aeabi_memcpy                           0x080001a5   Thumb Code    36  memcpya.o(.text)
    __aeabi_memcpy4                          0x080001a5   Thumb Code     0  memcpya.o(.text)
    __aeabi_memcpy8                          0x080001a5   Thumb Code     0  memcpya.o(.text)
    __aeabi_memset                           0x080001c9   Thumb Code    14  memseta.o(.text)
    __aeabi_memset4                          0x080001c9   Thumb Code     0  memseta.o(.text)
    __aeabi_memset8                          0x080001c9   Thumb Code     0  memseta.o(.text)
    __aeabi_memclr                           0x080001d7   Thumb Code     4  memseta.o(.text)
    __aeabi_memclr4                          0x080001d7   Thumb Code     0  memseta.o(.text)
    __aeabi_memclr8                          0x080001d7   Thumb Code     0  memseta.o(.text)
    _memset$wrapper                          0x080001db   Thumb Code    18  memseta.o(.text)
    __aeabi_uread4                           0x080001ed   Thumb Code    20  uread4.o(.text)
    __rt_uread4                              0x080001ed   Thumb Code     0  uread4.o(.text)
    _uread4                                  0x080001ed   Thumb Code     0  uread4.o(.text)
    __aeabi_fmul                             0x08000201   Thumb Code   122  fmul.o(.text)
    __aeabi_fdiv                             0x0800027b   Thumb Code   124  fdiv.o(.text)
    __ARM_scalbnf                            0x080002f7   Thumb Code    24  fscalb.o(.text)
    scalbnf                                  0x080002f7   Thumb Code     0  fscalb.o(.text)
    __aeabi_dadd                             0x08000311   Thumb Code   328  dadd.o(.text)
    __aeabi_dsub                             0x08000459   Thumb Code    12  dadd.o(.text)
    __aeabi_drsub                            0x08000465   Thumb Code    12  dadd.o(.text)
    __aeabi_dmul                             0x08000475   Thumb Code   202  dmul.o(.text)
    __aeabi_ddiv                             0x08000545   Thumb Code   234  ddiv.o(.text)
    __ARM_scalbn                             0x08000635   Thumb Code    44  dscalb.o(.text)
    scalbn                                   0x08000635   Thumb Code     0  dscalb.o(.text)
    __aeabi_i2d                              0x08000661   Thumb Code    34  dflti.o(.text)
    __aeabi_ui2d                             0x08000689   Thumb Code    24  dfltui.o(.text)
    __aeabi_f2iz                             0x080006a5   Thumb Code    50  ffixi.o(.text)
    __aeabi_f2uiz                            0x080006d7   Thumb Code    40  ffixui.o(.text)
    __aeabi_d2uiz                            0x08000701   Thumb Code    50  dfixui.o(.text)
    __aeabi_cdrcmple                         0x0800073d   Thumb Code    38  cdrcmple.o(.text)
    __aeabi_llsl                             0x08000765   Thumb Code    32  llshl.o(.text)
    _ll_shift_l                              0x08000765   Thumb Code     0  llshl.o(.text)
    __aeabi_llsr                             0x08000785   Thumb Code    34  llushr.o(.text)
    _ll_ushift_r                             0x08000785   Thumb Code     0  llushr.o(.text)
    __aeabi_lasr                             0x080007a7   Thumb Code    38  llsshr.o(.text)
    _ll_sshift_r                             0x080007a7   Thumb Code     0  llsshr.o(.text)
    __I$use$fp                               0x080007cd   Thumb Code     0  iusefp.o(.text)
    _float_round                             0x080007cd   Thumb Code    16  fepilogue.o(.text)
    _float_epilogue                          0x080007dd   Thumb Code   114  fepilogue.o(.text)
    _double_round                            0x0800084f   Thumb Code    26  depilogue.o(.text)
    _double_epilogue                         0x08000869   Thumb Code   164  depilogue.o(.text)
    _drnd                                    0x0800090d   Thumb Code   114  drnd.o(.text)
    __aeabi_d2ulz                            0x08000989   Thumb Code    54  dfixul.o(.text)
    __aeabi_cdcmpeq                          0x080009c9   Thumb Code     0  cdcmple.o(.text)
    __aeabi_cdcmple                          0x080009c9   Thumb Code    38  cdcmple.o(.text)
    __scatterload                            0x080009f1   Thumb Code    28  init.o(.text)
    __scatterload_rt2                        0x080009f1   Thumb Code     0  init.o(.text)
    __decompress                             0x08000a15   Thumb Code     0  __dczerorl2.o(.text)
    __decompress1                            0x08000a15   Thumb Code    86  __dczerorl2.o(.text)
    AES_CMAC_Final                           0x08000af5   Thumb Code   298  cmac.o(i.AES_CMAC_Final)
    AES_CMAC_Init                            0x08000c1f   Thumb Code    32  cmac.o(i.AES_CMAC_Init)
    AES_CMAC_SetKey                          0x08000c3f   Thumb Code    18  cmac.o(i.AES_CMAC_SetKey)
    AES_CMAC_Update                          0x08000c51   Thumb Code   168  cmac.o(i.AES_CMAC_Update)
    BSP_LED_Init                             0x08000d91   Thumb Code    88  b-l072z-lrwan1.o(i.BSP_LED_Init)
    BSP_LED_Off                              0x08000df5   Thumb Code    22  b-l072z-lrwan1.o(i.BSP_LED_Off)
    BSP_LED_On                               0x08000e15   Thumb Code    22  b-l072z-lrwan1.o(i.BSP_LED_On)
    BSP_sensor_Init                          0x08000e35   Thumb Code     2  bsp.o(i.BSP_sensor_Init)
    BSP_sensor_Read                          0x08000e39   Thumb Code    18  bsp.o(i.BSP_sensor_Read)
    DBG_Init                                 0x08000ef5   Thumb Code    92  debug.o(i.DBG_Init)
    DelayMs                                  0x08000f55   Thumb Code     8  delay.o(i.DelayMs)
    EXTI0_1_IRQHandler                       0x08000f5d   Thumb Code    16  mlm32l0xx_it.o(i.EXTI0_1_IRQHandler)
    EXTI2_3_IRQHandler                       0x08000f6d   Thumb Code    16  mlm32l0xx_it.o(i.EXTI2_3_IRQHandler)
    EXTI4_15_IRQHandler                      0x08000f7d   Thumb Code    92  mlm32l0xx_it.o(i.EXTI4_15_IRQHandler)
    Error_Handler                            0x08000fd9   Thumb Code     2  debug.o(i.Error_Handler)
    HAL_ADCEx_Calibration_Start              0x08001015   Thumb Code   170  stm32l0xx_hal_adc_ex.o(i.HAL_ADCEx_Calibration_Start)
    HAL_ADC_ConfigChannel                    0x080010c1   Thumb Code   140  stm32l0xx_hal_adc.o(i.HAL_ADC_ConfigChannel)
    HAL_ADC_GetValue                         0x08001155   Thumb Code     6  stm32l0xx_hal_adc.o(i.HAL_ADC_GetValue)
    HAL_ADC_Init                             0x0800115d   Thumb Code   442  stm32l0xx_hal_adc.o(i.HAL_ADC_Init)
    HAL_ADC_MspInit                          0x08001321   Thumb Code     2  stm32l0xx_hal_adc.o(i.HAL_ADC_MspInit)
    HAL_ADC_PollForConversion                0x08001323   Thumb Code   190  stm32l0xx_hal_adc.o(i.HAL_ADC_PollForConversion)
    HAL_ADC_Start                            0x080013e1   Thumb Code    86  stm32l0xx_hal_adc.o(i.HAL_ADC_Start)
    HAL_DBGMCU_DisableDBGSleepMode           0x0800143d   Thumb Code    12  stm32l0xx_hal.o(i.HAL_DBGMCU_DisableDBGSleepMode)
    HAL_DBGMCU_DisableDBGStandbyMode         0x0800144d   Thumb Code    12  stm32l0xx_hal.o(i.HAL_DBGMCU_DisableDBGStandbyMode)
    HAL_DBGMCU_DisableDBGStopMode            0x0800145d   Thumb Code    12  stm32l0xx_hal.o(i.HAL_DBGMCU_DisableDBGStopMode)
    HAL_GPIO_EXTI_Callback                   0x0800146d   Thumb Code     8  mlm32l0xx_hal_msp.o(i.HAL_GPIO_EXTI_Callback)
    HAL_GPIO_EXTI_IRQHandler                 0x08001475   Thumb Code    18  stm32l0xx_hal_gpio.o(i.HAL_GPIO_EXTI_IRQHandler)
    HAL_GPIO_Init                            0x0800148d   Thumb Code   356  stm32l0xx_hal_gpio.o(i.HAL_GPIO_Init)
    HAL_GPIO_WritePin                        0x08001611   Thumb Code    12  stm32l0xx_hal_gpio.o(i.HAL_GPIO_WritePin)
    HAL_GetTick                              0x0800161d   Thumb Code     6  stm32l0xx_hal.o(i.HAL_GetTick)
    HAL_IncTick                              0x08001629   Thumb Code    10  stm32l0xx_hal.o(i.HAL_IncTick)
    HAL_Init                                 0x08001639   Thumb Code    26  stm32l0xx_hal.o(i.HAL_Init)
    HAL_InitTick                             0x08001659   Thumb Code     4  mlm32l0xx_hal_msp.o(i.HAL_InitTick)
    HAL_MspInit                              0x0800165d   Thumb Code    40  mlm32l0xx_hal_msp.o(i.HAL_MspInit)
    HAL_NVIC_ClearPendingIRQ                 0x0800168d   Thumb Code    14  stm32l0xx_hal_cortex.o(i.HAL_NVIC_ClearPendingIRQ)
    HAL_NVIC_EnableIRQ                       0x080016a1   Thumb Code    14  stm32l0xx_hal_cortex.o(i.HAL_NVIC_EnableIRQ)
    HAL_NVIC_GetPendingIRQ                   0x080016b5   Thumb Code    24  stm32l0xx_hal_cortex.o(i.HAL_NVIC_GetPendingIRQ)
    HAL_NVIC_SetPendingIRQ                   0x080016d1   Thumb Code    14  stm32l0xx_hal_cortex.o(i.HAL_NVIC_SetPendingIRQ)
    HAL_NVIC_SetPriority                     0x080016e5   Thumb Code     8  stm32l0xx_hal_cortex.o(i.HAL_NVIC_SetPriority)
    HAL_PWREx_EnableFastWakeUp               0x080016ed   Thumb Code    12  stm32l0xx_hal_pwr_ex.o(i.HAL_PWREx_EnableFastWakeUp)
    HAL_PWREx_EnableUltraLowPower            0x080016fd   Thumb Code    12  stm32l0xx_hal_pwr_ex.o(i.HAL_PWREx_EnableUltraLowPower)
    HAL_PWR_DisablePVD                       0x0800170d   Thumb Code    12  stm32l0xx_hal_pwr.o(i.HAL_PWR_DisablePVD)
    HAL_PWR_EnterSLEEPMode                   0x0800171d   Thumb Code    38  stm32l0xx_hal_pwr.o(i.HAL_PWR_EnterSLEEPMode)
    HAL_PWR_EnterSTOPMode                    0x0800174d   Thumb Code    44  stm32l0xx_hal_pwr.o(i.HAL_PWR_EnterSTOPMode)
    HAL_RCCEx_GetPeriphCLKFreq               0x08001781   Thumb Code   406  stm32l0xx_hal_rcc_ex.o(i.HAL_RCCEx_GetPeriphCLKFreq)
    HAL_RCCEx_PeriphCLKConfig                0x08001941   Thumb Code   382  stm32l0xx_hal_rcc_ex.o(i.HAL_RCCEx_PeriphCLKConfig)
    HAL_RCC_ClockConfig                      0x08001acd   Thumb Code   340  stm32l0xx_hal_rcc.o(i.HAL_RCC_ClockConfig)
    HAL_RCC_GetPCLK1Freq                     0x08001c35   Thumb Code    20  stm32l0xx_hal_rcc.o(i.HAL_RCC_GetPCLK1Freq)
    HAL_RCC_GetPCLK2Freq                     0x08001c55   Thumb Code    20  stm32l0xx_hal_rcc.o(i.HAL_RCC_GetPCLK2Freq)
    HAL_RCC_GetSysClockFreq                  0x08001c75   Thumb Code   100  stm32l0xx_hal_rcc.o(i.HAL_RCC_GetSysClockFreq)
    HAL_RCC_OscConfig                        0x08001ced   Thumb Code  1116  stm32l0xx_hal_rcc.o(i.HAL_RCC_OscConfig)
    HAL_RTCEx_AlarmBEventCallback            0x08002149   Thumb Code     2  stm32l0xx_hal_rtc_ex.o(i.HAL_RTCEx_AlarmBEventCallback)
    HAL_RTCEx_EnableBypassShadow             0x0800214b   Thumb Code    60  stm32l0xx_hal_rtc_ex.o(i.HAL_RTCEx_EnableBypassShadow)
    HAL_RTC_AlarmAEventCallback              0x08002187   Thumb Code     8  mlm32l0xx_hal_msp.o(i.HAL_RTC_AlarmAEventCallback)
    HAL_RTC_AlarmIRQHandler                  0x08002191   Thumb Code    88  stm32l0xx_hal_rtc.o(i.HAL_RTC_AlarmIRQHandler)
    HAL_RTC_DeactivateAlarm                  0x080021f1   Thumb Code   184  stm32l0xx_hal_rtc.o(i.HAL_RTC_DeactivateAlarm)
    HAL_RTC_GetAlarm                         0x080022a9   Thumb Code   134  stm32l0xx_hal_rtc.o(i.HAL_RTC_GetAlarm)
    HAL_RTC_GetDate                          0x08002335   Thumb Code    68  stm32l0xx_hal_rtc.o(i.HAL_RTC_GetDate)
    HAL_RTC_GetTime                          0x08002379   Thumb Code    88  stm32l0xx_hal_rtc.o(i.HAL_RTC_GetTime)
    HAL_RTC_Init                             0x080023d5   Thumb Code   160  stm32l0xx_hal_rtc.o(i.HAL_RTC_Init)
    HAL_RTC_MspInit                          0x08002479   Thumb Code    86  mlm32l0xx_hal_msp.o(i.HAL_RTC_MspInit)
    HAL_RTC_SetAlarm_IT                      0x080024d5   Thumb Code   408  stm32l0xx_hal_rtc.o(i.HAL_RTC_SetAlarm_IT)
    HAL_RTC_SetDate                          0x08002675   Thumb Code   200  stm32l0xx_hal_rtc.o(i.HAL_RTC_SetDate)
    HAL_RTC_SetTime                          0x08002741   Thumb Code   234  stm32l0xx_hal_rtc.o(i.HAL_RTC_SetTime)
    HAL_RTC_WaitForSynchro                   0x08002831   Thumb Code    52  stm32l0xx_hal_rtc.o(i.HAL_RTC_WaitForSynchro)
    HAL_SPI_Init                             0x08002865   Thumb Code   132  stm32l0xx_hal_spi.o(i.HAL_SPI_Init)
    HAL_SPI_MspInit                          0x080028e9   Thumb Code     2  stm32l0xx_hal_spi.o(i.HAL_SPI_MspInit)
    HAL_SPI_TransmitReceive                  0x080028eb   Thumb Code   696  stm32l0xx_hal_spi.o(i.HAL_SPI_TransmitReceive)
    HAL_UART_Init                            0x08002ba3   Thumb Code   108  stm32l0xx_hal_uart.o(i.HAL_UART_Init)
    HAL_UART_MspInit                         0x08002c11   Thumb Code    20  vcom.o(i.HAL_UART_MspInit)
    HAL_UART_Transmit                        0x08002c29   Thumb Code   200  stm32l0xx_hal_uart.o(i.HAL_UART_Transmit)
    HW_AdcInit                               0x08002cf1   Thumb Code    74  mlm32l0xx_hw.o(i.HW_AdcInit)
    HW_AdcReadChannel                        0x08002d4d   Thumb Code   122  mlm32l0xx_hw.o(i.HW_AdcReadChannel)
    HW_EnterSleepMode                        0x08002de1   Thumb Code    12  mlm32l0xx_hw.o(i.HW_EnterSleepMode)
    HW_EnterStopMode                         0x08002ded   Thumb Code   108  mlm32l0xx_hw.o(i.HW_EnterStopMode)
    HW_ExitStopMode                          0x08002e65   Thumb Code    78  mlm32l0xx_hw.o(i.HW_ExitStopMode)
    HW_GPIO_Init                             0x08002ef5   Thumb Code    80  hw_gpio.o(i.HW_GPIO_Init)
    HW_GPIO_IrqHandler                       0x08002f49   Thumb Code    20  hw_gpio.o(i.HW_GPIO_IrqHandler)
    HW_GPIO_SetIrq                           0x08002f61   Thumb Code    48  hw_gpio.o(i.HW_GPIO_SetIrq)
    HW_GPIO_Write                            0x08002f95   Thumb Code    10  hw_gpio.o(i.HW_GPIO_Write)
    HW_GetBatteryLevel                       0x08002fa1   Thumb Code    62  mlm32l0xx_hw.o(i.HW_GetBatteryLevel)
    HW_GetRandomSeed                         0x08002ff1   Thumb Code    14  mlm32l0xx_hw.o(i.HW_GetRandomSeed)
    HW_GetUniqueId                           0x08003005   Thumb Code    64  mlm32l0xx_hw.o(i.HW_GetUniqueId)
    HW_GpioInit                              0x08003049   Thumb Code   150  mlm32l0xx_hw.o(i.HW_GpioInit)
    HW_Init                                  0x080030f9   Thumb Code    66  mlm32l0xx_hw.o(i.HW_Init)
    HW_RTC_DelayMs                           0x08003145   Thumb Code    38  hw_rtc.o(i.HW_RTC_DelayMs)
    HW_RTC_GetMinimumTimeout                 0x08003211   Thumb Code     4  hw_rtc.o(i.HW_RTC_GetMinimumTimeout)
    HW_RTC_GetTimerContext                   0x08003215   Thumb Code     6  hw_rtc.o(i.HW_RTC_GetTimerContext)
    HW_RTC_GetTimerElapsedTime               0x08003221   Thumb Code    22  hw_rtc.o(i.HW_RTC_GetTimerElapsedTime)
    HW_RTC_GetTimerValue                     0x0800323d   Thumb Code    16  hw_rtc.o(i.HW_RTC_GetTimerValue)
    HW_RTC_Init                              0x0800324d   Thumb Code    34  hw_rtc.o(i.HW_RTC_Init)
    HW_RTC_IrqHandler                        0x08003279   Thumb Code    16  hw_rtc.o(i.HW_RTC_IrqHandler)
    HW_RTC_SetAlarm                          0x0800328d   Thumb Code    64  hw_rtc.o(i.HW_RTC_SetAlarm)
    HW_RTC_SetTimerContext                   0x08003331   Thumb Code    18  hw_rtc.o(i.HW_RTC_SetTimerContext)
    HW_RTC_StopAlarm                         0x08003461   Thumb Code    28  hw_rtc.o(i.HW_RTC_StopAlarm)
    HW_RTC_Tick2ms                           0x08003481   Thumb Code    16  hw_rtc.o(i.HW_RTC_Tick2ms)
    HW_RTC_ms2Tick                           0x08003491   Thumb Code    16  hw_rtc.o(i.HW_RTC_ms2Tick)
    HW_RTC_setMcuWakeUpTime                  0x080034a1   Thumb Code   104  hw_rtc.o(i.HW_RTC_setMcuWakeUpTime)
    HW_SPI_InOut                             0x08003515   Thumb Code    28  hw_spi.o(i.HW_SPI_InOut)
    HW_SPI_Init                              0x08003535   Thumb Code   112  hw_spi.o(i.HW_SPI_Init)
    HW_SPI_IoInit                            0x080035b9   Thumb Code    92  hw_spi.o(i.HW_SPI_IoInit)
    HardFault_Handler                        0x08003619   Thumb Code     4  mlm32l0xx_it.o(i.HardFault_Handler)
    LoRaMacComputeMic                        0x0800361d   Thumb Code   112  loramaccrypto.o(i.LoRaMacComputeMic)
    LoRaMacInitialization                    0x08003699   Thumb Code   482  loramac.o(i.LoRaMacInitialization)
    LoRaMacJoinComputeMic                    0x080038b1   Thumb Code    62  loramaccrypto.o(i.LoRaMacJoinComputeMic)
    LoRaMacJoinComputeSKeys                  0x080038f9   Thumb Code   130  loramaccrypto.o(i.LoRaMacJoinComputeSKeys)
    LoRaMacJoinDecrypt                       0x08003981   Thumb Code    60  loramaccrypto.o(i.LoRaMacJoinDecrypt)
    LoRaMacMcpsRequest                       0x080039c1   Thumb Code   228  loramac.o(i.LoRaMacMcpsRequest)
    LoRaMacMibGetRequestConfirm              0x08003aad   Thumb Code   198  loramac.o(i.LoRaMacMibGetRequestConfirm)
    LoRaMacMibSetRequestConfirm              0x08003b81   Thumb Code   400  loramac.o(i.LoRaMacMibSetRequestConfirm)
    LoRaMacMlmeRequest                       0x08003d21   Thumb Code   268  loramac.o(i.LoRaMacMlmeRequest)
    LoRaMacPayloadDecrypt                    0x08003e35   Thumb Code    16  loramaccrypto.o(i.LoRaMacPayloadDecrypt)
    LoRaMacPayloadEncrypt                    0x08003e45   Thumb Code   182  loramaccrypto.o(i.LoRaMacPayloadEncrypt)
    LoRaMacQueryTxPossible                   0x08003f05   Thumb Code   180  loramac.o(i.LoRaMacQueryTxPossible)
    LowPower_Disable                         0x0800411d   Thumb Code    20  low_power.o(i.LowPower_Disable)
    LowPower_Enable                          0x08004135   Thumb Code    20  low_power.o(i.LowPower_Enable)
    LowPower_GetState                        0x0800414d   Thumb Code     6  low_power.o(i.LowPower_GetState)
    LowPower_Handler                         0x08004159   Thumb Code    30  low_power.o(i.LowPower_Handler)
    MSP_GetIRQn                              0x0800417d   Thumb Code    48  mlm32l0xx_hal_msp.o(i.MSP_GetIRQn)
    NMI_Handler                              0x08004369   Thumb Code     2  mlm32l0xx_it.o(i.NMI_Handler)
    OnSendEvent                              0x08004cf1   Thumb Code    38  lora.o(i.OnSendEvent)
    PendSV_Handler                           0x08004e1d   Thumb Code     2  mlm32l0xx_it.o(i.PendSV_Handler)
    PrepareFrame                             0x08004e21   Thumb Code   660  loramac.o(i.PrepareFrame)
    RTC_Bcd2ToByte                           0x080054a1   Thumb Code    16  stm32l0xx_hal_rtc.o(i.RTC_Bcd2ToByte)
    RTC_ByteToBcd2                           0x080054b1   Thumb Code    22  stm32l0xx_hal_rtc.o(i.RTC_ByteToBcd2)
    RTC_EnterInitMode                        0x080054c7   Thumb Code    56  stm32l0xx_hal_rtc.o(i.RTC_EnterInitMode)
    RTC_IRQHandler                           0x080054ff   Thumb Code     8  mlm32l0xx_it.o(i.RTC_IRQHandler)
    RegionAS923AdrNext                       0x08005509   Thumb Code    92  regionas923.o(i.RegionAS923AdrNext)
    RegionAS923AlternateDr                   0x08005569   Thumb Code     4  regionas923.o(i.RegionAS923AlternateDr)
    RegionAS923ApplyCFList                   0x0800556d   Thumb Code   100  regionas923.o(i.RegionAS923ApplyCFList)
    RegionAS923CalcBackOff                   0x080055d1   Thumb Code    84  regionas923.o(i.RegionAS923CalcBackOff)
    RegionAS923ChanMaskSet                   0x0800562d   Thumb Code    40  regionas923.o(i.RegionAS923ChanMaskSet)
    RegionAS923ChannelAdd                    0x08005659   Thumb Code   204  regionas923.o(i.RegionAS923ChannelAdd)
    RegionAS923ChannelsRemove                0x0800572d   Thumb Code    38  regionas923.o(i.RegionAS923ChannelsRemove)
    RegionAS923DlChannelReq                  0x0800575d   Thumb Code    50  regionas923.o(i.RegionAS923DlChannelReq)
    RegionAS923GetPhyParam                   0x08005795   Thumb Code   166  regionas923.o(i.RegionAS923GetPhyParam)
    RegionAS923InitDefaults                  0x0800585d   Thumb Code    58  regionas923.o(i.RegionAS923InitDefaults)
    RegionAS923LinkAdrReq                    0x080058a5   Thumb Code   270  regionas923.o(i.RegionAS923LinkAdrReq)
    RegionAS923NewChannelReq                 0x080059bd   Thumb Code    72  regionas923.o(i.RegionAS923NewChannelReq)
    RegionAS923NextChannel                   0x08005a05   Thumb Code   246  regionas923.o(i.RegionAS923NextChannel)
    RegionAS923RxConfig                      0x08005b09   Thumb Code   288  regionas923.o(i.RegionAS923RxConfig)
    RegionAS923RxParamSetupReq               0x08005c3d   Thumb Code    64  regionas923.o(i.RegionAS923RxParamSetupReq)
    RegionAS923SetBandTxDone                 0x08005c81   Thumb Code    30  regionas923.o(i.RegionAS923SetBandTxDone)
    RegionAS923SetContinuousWave             0x08005ca9   Thumb Code    34  regionas923.o(i.RegionAS923SetContinuousWave)
    RegionAS923TxConfig                      0x08005cd5   Thumb Code   164  regionas923.o(i.RegionAS923TxConfig)
    RegionAS923TxParamSetupReq               0x08005d8d   Thumb Code     4  regionas923.o(i.RegionAS923TxParamSetupReq)
    RegionAS923Verify                        0x08005d91   Thumb Code    64  regionas923.o(i.RegionAS923Verify)
    RegionAdrNext                            0x08005dd1   Thumb Code    30  region.o(i.RegionAdrNext)
    RegionAlternateDr                        0x08005def   Thumb Code    18  region.o(i.RegionAlternateDr)
    RegionApplyCFList                        0x08005e01   Thumb Code    14  region.o(i.RegionApplyCFList)
    RegionCalcBackOff                        0x08005e0f   Thumb Code    14  region.o(i.RegionCalcBackOff)
    RegionChanMaskSet                        0x08005e1d   Thumb Code    18  region.o(i.RegionChanMaskSet)
    RegionCommonChanDisable                  0x08005e2f   Thumb Code    38  regioncommon.o(i.RegionCommonChanDisable)
    RegionCommonChanMaskCopy                 0x08005e55   Thumb Code    30  regioncommon.o(i.RegionCommonChanMaskCopy)
    RegionCommonChanVerifyDr                 0x08005e73   Thumb Code    96  regioncommon.o(i.RegionCommonChanVerifyDr)
    RegionCommonCountChannels                0x08005ed3   Thumb Code    68  regioncommon.o(i.RegionCommonCountChannels)
    RegionCommonGetJoinDc                    0x08005f19   Thumb Code    26  regioncommon.o(i.RegionCommonGetJoinDc)
    RegionCommonParseLinkAdrReq              0x08005f41   Thumb Code    54  regioncommon.o(i.RegionCommonParseLinkAdrReq)
    RegionCommonSetBandTxDone                0x08005f77   Thumb Code     4  regioncommon.o(i.RegionCommonSetBandTxDone)
    RegionCommonUpdateBandTimeOff            0x08005f7b   Thumb Code   118  regioncommon.o(i.RegionCommonUpdateBandTimeOff)
    RegionCommonValueInRange                 0x08005ff1   Thumb Code    16  regioncommon.o(i.RegionCommonValueInRange)
    RegionDlChannelReq                       0x08006001   Thumb Code    18  region.o(i.RegionDlChannelReq)
    RegionGetPhyParam                        0x08006013   Thumb Code    14  region.o(i.RegionGetPhyParam)
    RegionInitDefaults                       0x08006021   Thumb Code    14  region.o(i.RegionInitDefaults)
    RegionIsActive                           0x0800602f   Thumb Code    12  region.o(i.RegionIsActive)
    RegionLinkAdrReq                         0x0800603b   Thumb Code    34  region.o(i.RegionLinkAdrReq)
    RegionNewChannelReq                      0x0800605d   Thumb Code    18  region.o(i.RegionNewChannelReq)
    RegionNextChannel                        0x0800606f   Thumb Code    26  region.o(i.RegionNextChannel)
    RegionRxConfig                           0x08006089   Thumb Code    22  region.o(i.RegionRxConfig)
    RegionRxParamSetupReq                    0x0800609f   Thumb Code    18  region.o(i.RegionRxParamSetupReq)
    RegionSetBandTxDone                      0x080060b1   Thumb Code    14  region.o(i.RegionSetBandTxDone)
    RegionSetContinuousWave                  0x080060bf   Thumb Code    14  region.o(i.RegionSetContinuousWave)
    RegionTxConfig                           0x080060cd   Thumb Code    26  region.o(i.RegionTxConfig)
    RegionTxParamSetupReq                    0x080060e7   Thumb Code    18  region.o(i.RegionTxParamSetupReq)
    RegionVerify                             0x080060f9   Thumb Code    22  region.o(i.RegionVerify)
    SVC_Handler                              0x080062fb   Thumb Code     2  mlm32l0xx_it.o(i.SVC_Handler)
    SX1276CheckRfFrequency                   0x080062fd   Thumb Code     4  mlm32l07x01.o(i.SX1276CheckRfFrequency)
    SX1276GetStatus                          0x08006301   Thumb Code     6  sx1276.o(i.SX1276GetStatus)
    SX1276GetTimeOnAir                       0x0800630d   Thumb Code   444  sx1276.o(i.SX1276GetTimeOnAir)
    SX1276Init                               0x080064f1   Thumb Code   118  sx1276.o(i.SX1276Init)
    SX1276IoDeInit                           0x08006579   Thumb Code    68  mlm32l07x01.o(i.SX1276IoDeInit)
    SX1276IoInit                             0x080065c9   Thumb Code    88  mlm32l07x01.o(i.SX1276IoInit)
    SX1276IoIrqInit                          0x0800662d   Thumb Code    58  mlm32l07x01.o(i.SX1276IoIrqInit)
    SX1276IsChannelFree                      0x08006671   Thumb Code    54  sx1276.o(i.SX1276IsChannelFree)
    SX1276OnDio0Irq                          0x080066a9   Thumb Code   564  sx1276.o(i.SX1276OnDio0Irq)
    SX1276OnDio1Irq                          0x08006905   Thumb Code   194  sx1276.o(i.SX1276OnDio1Irq)
    SX1276OnDio2Irq                          0x080069dd   Thumb Code   166  sx1276.o(i.SX1276OnDio2Irq)
    SX1276OnDio3Irq                          0x08006a91   Thumb Code    76  sx1276.o(i.SX1276OnDio3Irq)
    SX1276OnDio4Irq                          0x08006ae5   Thumb Code    24  sx1276.o(i.SX1276OnDio4Irq)
    SX1276OnTimeoutIrq                       0x08006b01   Thumb Code   122  sx1276.o(i.SX1276OnTimeoutIrq)
    SX1276Random                             0x08006b85   Thumb Code    62  sx1276.o(i.SX1276Random)
    SX1276Read                               0x08006bc3   Thumb Code    16  sx1276.o(i.SX1276Read)
    SX1276ReadBuffer                         0x08006bd3   Thumb Code    66  sx1276.o(i.SX1276ReadBuffer)
    SX1276ReadFifo                           0x08006c15   Thumb Code    14  sx1276.o(i.SX1276ReadFifo)
    SX1276ReadRssi                           0x08006c25   Thumb Code    58  sx1276.o(i.SX1276ReadRssi)
    SX1276Reset                              0x08006c69   Thumb Code    74  sx1276.o(i.SX1276Reset)
    SX1276Send                               0x08006cb9   Thumb Code   228  sx1276.o(i.SX1276Send)
    SX1276SetAntSw                           0x08006da5   Thumb Code    60  mlm32l07x01.o(i.SX1276SetAntSw)
    SX1276SetAntSwLowPower                   0x08006de9   Thumb Code   228  mlm32l07x01.o(i.SX1276SetAntSwLowPower)
    SX1276SetChannel                         0x08006edd   Thumb Code    72  sx1276.o(i.SX1276SetChannel)
    SX1276SetMaxPayloadLength                0x08006f2d   Thumb Code    42  sx1276.o(i.SX1276SetMaxPayloadLength)
    SX1276SetModem                           0x08006f5d   Thumb Code    90  sx1276.o(i.SX1276SetModem)
    SX1276SetOpMode                          0x08006fbd   Thumb Code    46  sx1276.o(i.SX1276SetOpMode)
    SX1276SetRfTxPower                       0x08006feb   Thumb Code   144  mlm32l07x01.o(i.SX1276SetRfTxPower)
    SX1276SetRx                              0x0800707d   Thumb Code   566  sx1276.o(i.SX1276SetRx)
    SX1276SetRxConfig                        0x080072e1   Thumb Code   570  sx1276.o(i.SX1276SetRxConfig)
    SX1276SetSleep                           0x08007529   Thumb Code    32  sx1276.o(i.SX1276SetSleep)
    SX1276SetStby                            0x0800754d   Thumb Code    32  sx1276.o(i.SX1276SetStby)
    SX1276SetSyncWord                        0x08007571   Thumb Code    20  sx1276.o(i.SX1276SetSyncWord)
    SX1276SetTx                              0x08007585   Thumb Code   158  sx1276.o(i.SX1276SetTx)
    SX1276SetTxConfig                        0x08007629   Thumb Code   484  sx1276.o(i.SX1276SetTxConfig)
    SX1276SetTxContinuousWave                0x08007819   Thumb Code   136  sx1276.o(i.SX1276SetTxContinuousWave)
    SX1276StartCad                           0x080078a9   Thumb Code    50  sx1276.o(i.SX1276StartCad)
    SX1276Write                              0x080078e1   Thumb Code    12  sx1276.o(i.SX1276Write)
    SX1276WriteBuffer                        0x080078ed   Thumb Code    66  sx1276.o(i.SX1276WriteBuffer)
    SX1276WriteFifo                          0x0800792f   Thumb Code    14  sx1276.o(i.SX1276WriteFifo)
    Send                                     0x080079c5   Thumb Code    54  loramac.o(i.Send)
    SendFrameOnChannel                       0x08007a71   Thumb Code   128  loramac.o(i.SendFrameOnChannel)
    SetTxContinuousWave                      0x08007b29   Thumb Code    70  loramac.o(i.SetTxContinuousWave)
    SysTick_Handler                          0x08007b79   Thumb Code     8  mlm32l0xx_it.o(i.SysTick_Handler)
    SystemClock_Config                       0x08007b81   Thumb Code   130  mlm32l0xx_hw.o(i.SystemClock_Config)
    SystemInit                               0x08007c0d   Thumb Code    66  system_stm32l0xx.o(i.SystemInit)
    TimerGetCurrentTime                      0x08007c61   Thumb Code    12  timeserver.o(i.TimerGetCurrentTime)
    TimerGetElapsedTime                      0x08007c6d   Thumb Code    24  timeserver.o(i.TimerGetElapsedTime)
    TimerInit                                0x08007c85   Thumb Code    14  timeserver.o(i.TimerInit)
    TimerIrqHandler                          0x08007cb1   Thumb Code   116  timeserver.o(i.TimerIrqHandler)
    TimerSetValue                            0x08007d55   Thumb Code    34  timeserver.o(i.TimerSetValue)
    TimerStart                               0x08007d79   Thumb Code   108  timeserver.o(i.TimerStart)
    TimerStop                                0x08007de9   Thumb Code    90  timeserver.o(i.TimerStop)
    UART_AdvFeatureConfig                    0x08007e49   Thumb Code   202  stm32l0xx_hal_uart.o(i.UART_AdvFeatureConfig)
    UART_CheckIdleState                      0x08007f15   Thumb Code    90  stm32l0xx_hal_uart.o(i.UART_CheckIdleState)
    UART_SetConfig                           0x08007f75   Thumb Code   510  stm32l0xx_hal_uart.o(i.UART_SetConfig)
    UART_WaitOnFlagUntilTimeout              0x080081a5   Thumb Code    98  stm32l0xx_hal_uart.o(i.UART_WaitOnFlagUntilTimeout)
    USART2_IRQHandler                        0x08008207   Thumb Code     8  mlm32l0xx_it.o(i.USART2_IRQHandler)
    __0vsprintf                              0x08008265   Thumb Code    30  printfa.o(i.__0vsprintf)
    __1vsprintf                              0x08008265   Thumb Code     0  printfa.o(i.__0vsprintf)
    __2vsprintf                              0x08008265   Thumb Code     0  printfa.o(i.__0vsprintf)
    __c89vsprintf                            0x08008265   Thumb Code     0  printfa.o(i.__0vsprintf)
    vsprintf                                 0x08008265   Thumb Code     0  printfa.o(i.__0vsprintf)
    __ARM_clz                                0x08008289   Thumb Code    46  depilogue.o(i.__ARM_clz)
    __ARM_common_ll_muluu                    0x080082b7   Thumb Code    48  hw_rtc.o(i.__ARM_common_ll_muluu)
    __ARM_common_switch8                     0x080082e7   Thumb Code    26  hts221_driver_hl.o(i.__ARM_common_switch8)
    __scatterload_copy                       0x08008301   Thumb Code    14  handlers.o(i.__scatterload_copy)
    __scatterload_null                       0x0800830f   Thumb Code     2  handlers.o(i.__scatterload_null)
    __scatterload_zeroinit                   0x08008311   Thumb Code    14  handlers.o(i.__scatterload_zeroinit)
    aes_encrypt                              0x08008bd7   Thumb Code    84  aes.o(i.aes_encrypt)
    aes_set_key                              0x08008c2d   Thumb Code   248  aes.o(i.aes_set_key)
    ceil                                     0x08008d29   Thumb Code   180  ceil.o(i.ceil)
    floor                                    0x08008eb9   Thumb Code   180  floor.o(i.floor)
    lora_Init                                0x08008f81   Thumb Code   130  lora.o(i.lora_Init)
    lora_fsm                                 0x08009055   Thumb Code   240  lora.o(i.lora_fsm)
    lora_getDeviceState                      0x0800916d   Thumb Code     6  lora.o(i.lora_getDeviceState)
    main                                     0x08009179   Thumb Code    56  main.o(i.main)
    memcpy1                                  0x080091c9   Thumb Code    22  utilities.o(i.memcpy1)
    memcpyr                                  0x080091df   Thumb Code    26  utilities.o(i.memcpyr)
    memset1                                  0x080091f9   Thumb Code    18  utilities.o(i.memset1)
    rand1                                    0x08009425   Thumb Code    26  utilities.o(i.rand1)
    randr                                    0x08009451   Thumb Code    22  utilities.o(i.randr)
    round                                    0x08009469   Thumb Code   142  round.o(i.round)
    srand1                                   0x0800956d   Thumb Code     6  utilities.o(i.srand1)
    vcom_Init                                0x08009579   Thumb Code    58  vcom.o(i.vcom_Init)
    vcom_IoDeInit                            0x080095bd   Thumb Code    80  vcom.o(i.vcom_IoDeInit)
    vcom_IoInit                              0x08009611   Thumb Code    86  vcom.o(i.vcom_IoInit)
    vcom_Print                               0x0800966d   Thumb Code    72  vcom.o(i.vcom_Print)
    vcom_Send                                0x080096c1   Thumb Code   114  vcom.o(i.vcom_Send)
    Radio                                    0x080097c0   Data         100  mlm32l07x01.o(.constdata)
    RadioRegsInit                            0x08009824   Data          48  sx1276.o(.constdata)
    FskBandwidths                            0x08009854   Data         176  sx1276.o(.constdata)
    BUTTON_IRQn                              0x08009904   Data           1  b-l072z-lrwan1.o(.constdata)
    BUTTON_PIN                               0x08009906   Data           2  b-l072z-lrwan1.o(.constdata)
    LED_PIN                                  0x08009908   Data           8  b-l072z-lrwan1.o(.constdata)
    AHBPrescTable                            0x08009910   Data          16  system_stm32l0xx.o(.constdata)
    PLLMulTable                              0x08009920   Data           9  system_stm32l0xx.o(.constdata)
    APBPrescTable                            0x08009929   Data           8  system_stm32l0xx.o(.constdata)
    Region$$Table$$Base                      0x08009ca4   Number         0  anon$$obj.o(Region$$Table)
    Region$$Table$$Limit                     0x08009cc4   Number         0  anon$$obj.o(Region$$Table)
    DioIrq                                   0x20000008   Data          24  sx1276.o(.data)
    BUTTON_PORT                              0x20000020   Data           4  b-l072z-lrwan1.o(.data)
    LED_PORT                                 0x20000024   Data          16  b-l072z-lrwan1.o(.data)
    SystemCoreClock                          0x20000034   Data           4  system_stm32l0xx.o(.data)
    uwTick                                   0x20000038   Data           4  stm32l0xx_hal.o(.data)
    iw                                       0x20000064   Data           2  vcom.o(.data)
    LoRaMacFlags                             0x200000bb   Data           1  loramac.o(.data)
    LoRaMacState                             0x200000d4   Data           4  loramac.o(.data)
    TxTimeOnAir                              0x200000d8   Data           4  loramac.o(.data)
    SX1276                                   0x2000025c   Data          96  sx1276.o(.bss)
    TxTimeoutTimer                           0x200002bc   Data          20  sx1276.o(.bss)
    RxTimeoutTimer                           0x200002d0   Data          20  sx1276.o(.bss)
    RxTimeoutSyncWord                        0x200002e4   Data          20  sx1276.o(.bss)
    ComplianceTest                           0x20000648   Data          20  lora.o(.bss)
    LoRaMacParams                            0x20000998   Data          40  loramac.o(.bss)
    LoRaMacParamsDefaults                    0x200009c0   Data          40  loramac.o(.bss)
    __initial_sp                             0x20001190   Data           0  startup_stm32l072xx.o(STACK)



==============================================================================

Memory Map of the image

  Image Entry point : 0x080000c1

  Load Region LR_IROM1 (Base: 0x08000000, Size: 0x00009e0c, Max: 0x00030000, ABSOLUTE, COMPRESSED[0x00009d30])

    Execution Region ER_IROM1 (Exec base: 0x08000000, Load base: 0x08000000, Size: 0x00009cc4, Max: 0x00030000, ABSOLUTE)

    Exec Addr    Load Addr    Size         Type   Attr      Idx    E Section Name        Object

    0x08000000   0x08000000   0x000000c0   Data   RO         5774    RESET               startup_stm32l072xx.o
    0x080000c0   0x080000c0   0x00000000   Code   RO         8918  * .ARM.Collect$$$$00000000  mc_p.l(entry.o)
    0x080000c0   0x080000c0   0x00000004   Code   RO         9228    .ARM.Collect$$$$00000001  mc_p.l(entry2.o)
    0x080000c4   0x080000c4   0x00000004   Code   RO         9231    .ARM.Collect$$$$00000004  mc_p.l(entry5.o)
    0x080000c8   0x080000c8   0x00000000   Code   RO         9233    .ARM.Collect$$$$00000008  mc_p.l(entry7b.o)
    0x080000c8   0x080000c8   0x00000000   Code   RO         9235    .ARM.Collect$$$$0000000A  mc_p.l(entry8b.o)
    0x080000c8   0x080000c8   0x00000008   Code   RO         9236    .ARM.Collect$$$$0000000B  mc_p.l(entry9a.o)
    0x080000d0   0x080000d0   0x00000000   Code   RO         9238    .ARM.Collect$$$$0000000D  mc_p.l(entry10a.o)
    0x080000d0   0x080000d0   0x00000000   Code   RO         9240    .ARM.Collect$$$$0000000F  mc_p.l(entry11a.o)
    0x080000d0   0x080000d0   0x00000004   Code   RO         9229    .ARM.Collect$$$$00002712  mc_p.l(entry2.o)
    0x080000d4   0x080000d4   0x0000001c   Code   RO         5775    .text               startup_stm32l072xx.o
    0x080000f0   0x080000f0   0x0000002c   Code   RO         8921    .text               mc_p.l(uidiv.o)
    0x0800011c   0x0800011c   0x00000028   Code   RO         8923    .text               mc_p.l(idiv.o)
    0x08000144   0x08000144   0x00000060   Code   RO         8925    .text               mc_p.l(uldiv.o)
    0x080001a4   0x080001a4   0x00000024   Code   RO         8927    .text               mc_p.l(memcpya.o)
    0x080001c8   0x080001c8   0x00000024   Code   RO         8929    .text               mc_p.l(memseta.o)
    0x080001ec   0x080001ec   0x00000014   Code   RO         9194    .text               mc_p.l(uread4.o)
    0x08000200   0x08000200   0x0000007a   Code   RO         9198    .text               mf_p.l(fmul.o)
    0x0800027a   0x0800027a   0x0000007c   Code   RO         9200    .text               mf_p.l(fdiv.o)
    0x080002f6   0x080002f6   0x00000018   Code   RO         9202    .text               mf_p.l(fscalb.o)
    0x0800030e   0x0800030e   0x00000002   PAD
    0x08000310   0x08000310   0x00000164   Code   RO         9204    .text               mf_p.l(dadd.o)
    0x08000474   0x08000474   0x000000d0   Code   RO         9206    .text               mf_p.l(dmul.o)
    0x08000544   0x08000544   0x000000f0   Code   RO         9208    .text               mf_p.l(ddiv.o)
    0x08000634   0x08000634   0x0000002c   Code   RO         9210    .text               mf_p.l(dscalb.o)
    0x08000660   0x08000660   0x00000028   Code   RO         9216    .text               mf_p.l(dflti.o)
    0x08000688   0x08000688   0x0000001c   Code   RO         9218    .text               mf_p.l(dfltui.o)
    0x080006a4   0x080006a4   0x00000032   Code   RO         9220    .text               mf_p.l(ffixi.o)
    0x080006d6   0x080006d6   0x00000028   Code   RO         9222    .text               mf_p.l(ffixui.o)
    0x080006fe   0x080006fe   0x00000002   PAD
    0x08000700   0x08000700   0x0000003c   Code   RO         9224    .text               mf_p.l(dfixui.o)
    0x0800073c   0x0800073c   0x00000028   Code   RO         9226    .text               mf_p.l(cdrcmple.o)
    0x08000764   0x08000764   0x00000020   Code   RO         9245    .text               mc_p.l(llshl.o)
    0x08000784   0x08000784   0x00000022   Code   RO         9247    .text               mc_p.l(llushr.o)
    0x080007a6   0x080007a6   0x00000026   Code   RO         9249    .text               mc_p.l(llsshr.o)
    0x080007cc   0x080007cc   0x00000000   Code   RO         9251    .text               mc_p.l(iusefp.o)
    0x080007cc   0x080007cc   0x00000082   Code   RO         9252    .text               mf_p.l(fepilogue.o)
    0x0800084e   0x0800084e   0x000000be   Code   RO         9254    .text               mf_p.l(depilogue.o)
    0x0800090c   0x0800090c   0x0000007c   Code   RO         9258    .text               mf_p.l(drnd.o)
    0x08000988   0x08000988   0x00000040   Code   RO         9260    .text               mf_p.l(dfixul.o)
    0x080009c8   0x080009c8   0x00000028   Code   RO         9262    .text               mf_p.l(cdcmple.o)
    0x080009f0   0x080009f0   0x00000024   Code   RO         9264    .text               mc_p.l(init.o)
    0x08000a14   0x08000a14   0x00000056   Code   RO         9276    .text               mc_p.l(__dczerorl2.o)
    0x08000a6a   0x08000a6a   0x00000002   PAD
    0x08000a6c   0x08000a6c   0x00000024   Code   RO         3244    i.ADC_DelayMicroSecond  stm32l0xx_hal_adc.o
    0x08000a90   0x08000a90   0x00000064   Code   RO         3246    i.ADC_Enable        stm32l0xx_hal_adc.o
    0x08000af4   0x08000af4   0x0000012a   Code   RO         8872    i.AES_CMAC_Final    cmac.o
    0x08000c1e   0x08000c1e   0x00000020   Code   RO         8873    i.AES_CMAC_Init     cmac.o
    0x08000c3e   0x08000c3e   0x00000012   Code   RO         8874    i.AES_CMAC_SetKey   cmac.o
    0x08000c50   0x08000c50   0x000000a8   Code   RO         8875    i.AES_CMAC_Update   cmac.o
    0x08000cf8   0x08000cf8   0x00000098   Code   RO         6530    i.AddMacCommand     loramac.o
    0x08000d90   0x08000d90   0x00000064   Code   RO         2567    i.BSP_LED_Init      b-l072z-lrwan1.o
    0x08000df4   0x08000df4   0x00000020   Code   RO         2568    i.BSP_LED_Off       b-l072z-lrwan1.o
    0x08000e14   0x08000e14   0x00000020   Code   RO         2569    i.BSP_LED_On        b-l072z-lrwan1.o
    0x08000e34   0x08000e34   0x00000002   Code   RO         5781    i.BSP_sensor_Init   bsp.o
    0x08000e36   0x08000e36   0x00000002   PAD
    0x08000e38   0x08000e38   0x0000001c   Code   RO         5782    i.BSP_sensor_Read   bsp.o
    0x08000e54   0x08000e54   0x000000a0   Code   RO         6979    i.CountNbOfEnabledChannels  regionas923.o
    0x08000ef4   0x08000ef4   0x00000060   Code   RO         5813    i.DBG_Init          debug.o
    0x08000f54   0x08000f54   0x00000008   Code   RO         8611    i.DelayMs           delay.o
    0x08000f5c   0x08000f5c   0x00000010   Code   RO         6358    i.EXTI0_1_IRQHandler  mlm32l0xx_it.o
    0x08000f6c   0x08000f6c   0x00000010   Code   RO         6359    i.EXTI2_3_IRQHandler  mlm32l0xx_it.o
    0x08000f7c   0x08000f7c   0x0000005c   Code   RO         6360    i.EXTI4_15_IRQHandler  mlm32l0xx_it.o
    0x08000fd8   0x08000fd8   0x00000002   Code   RO         5814    i.Error_Handler     debug.o
    0x08000fda   0x08000fda   0x0000000c   Code   RO         6980    i.GetBandwidth      regionas923.o
    0x08000fe6   0x08000fe6   0x00000002   PAD
    0x08000fe8   0x08000fe8   0x0000002c   Code   RO         2331    i.GetFskBandwidthRegValue  sx1276.o
    0x08001014   0x08001014   0x000000aa   Code   RO         5234    i.HAL_ADCEx_Calibration_Start  stm32l0xx_hal_adc_ex.o
    0x080010be   0x080010be   0x00000002   PAD
    0x080010c0   0x080010c0   0x00000094   Code   RO         3248    i.HAL_ADC_ConfigChannel  stm32l0xx_hal_adc.o
    0x08001154   0x08001154   0x00000006   Code   RO         3255    i.HAL_ADC_GetValue  stm32l0xx_hal_adc.o
    0x0800115a   0x0800115a   0x00000002   PAD
    0x0800115c   0x0800115c   0x000001c4   Code   RO         3257    i.HAL_ADC_Init      stm32l0xx_hal_adc.o
    0x08001320   0x08001320   0x00000002   Code   RO         3260    i.HAL_ADC_MspInit   stm32l0xx_hal_adc.o
    0x08001322   0x08001322   0x000000be   Code   RO         3261    i.HAL_ADC_PollForConversion  stm32l0xx_hal_adc.o
    0x080013e0   0x080013e0   0x0000005c   Code   RO         3263    i.HAL_ADC_Start     stm32l0xx_hal_adc.o
    0x0800143c   0x0800143c   0x00000010   Code   RO         3648    i.HAL_DBGMCU_DisableDBGSleepMode  stm32l0xx_hal.o
    0x0800144c   0x0800144c   0x00000010   Code   RO         3649    i.HAL_DBGMCU_DisableDBGStandbyMode  stm32l0xx_hal.o
    0x0800145c   0x0800145c   0x00000010   Code   RO         3650    i.HAL_DBGMCU_DisableDBGStopMode  stm32l0xx_hal.o
    0x0800146c   0x0800146c   0x00000008   Code   RO         6194    i.HAL_GPIO_EXTI_Callback  mlm32l0xx_hal_msp.o
    0x08001474   0x08001474   0x00000018   Code   RO         3915    i.HAL_GPIO_EXTI_IRQHandler  stm32l0xx_hal_gpio.o
    0x0800148c   0x0800148c   0x00000184   Code   RO         3916    i.HAL_GPIO_Init     stm32l0xx_hal_gpio.o
    0x08001610   0x08001610   0x0000000c   Code   RO         3920    i.HAL_GPIO_WritePin  stm32l0xx_hal_gpio.o
    0x0800161c   0x0800161c   0x0000000c   Code   RO         3659    i.HAL_GetTick       stm32l0xx_hal.o
    0x08001628   0x08001628   0x00000010   Code   RO         3660    i.HAL_IncTick       stm32l0xx_hal.o
    0x08001638   0x08001638   0x00000020   Code   RO         3661    i.HAL_Init          stm32l0xx_hal.o
    0x08001658   0x08001658   0x00000004   Code   RO         6195    i.HAL_InitTick      mlm32l0xx_hal_msp.o
    0x0800165c   0x0800165c   0x00000030   Code   RO         6196    i.HAL_MspInit       mlm32l0xx_hal_msp.o
    0x0800168c   0x0800168c   0x00000014   Code   RO         3814    i.HAL_NVIC_ClearPendingIRQ  stm32l0xx_hal_cortex.o
    0x080016a0   0x080016a0   0x00000014   Code   RO         3816    i.HAL_NVIC_EnableIRQ  stm32l0xx_hal_cortex.o
    0x080016b4   0x080016b4   0x0000001c   Code   RO         3817    i.HAL_NVIC_GetPendingIRQ  stm32l0xx_hal_cortex.o
    0x080016d0   0x080016d0   0x00000014   Code   RO         3819    i.HAL_NVIC_SetPendingIRQ  stm32l0xx_hal_cortex.o
    0x080016e4   0x080016e4   0x00000008   Code   RO         3820    i.HAL_NVIC_SetPriority  stm32l0xx_hal_cortex.o
    0x080016ec   0x080016ec   0x00000010   Code   RO         4173    i.HAL_PWREx_EnableFastWakeUp  stm32l0xx_hal_pwr_ex.o
    0x080016fc   0x080016fc   0x00000010   Code   RO         4175    i.HAL_PWREx_EnableUltraLowPower  stm32l0xx_hal_pwr_ex.o
    0x0800170c   0x0800170c   0x00000010   Code   RO         4057    i.HAL_PWR_DisablePVD  stm32l0xx_hal_pwr.o
    0x0800171c   0x0800171c   0x00000030   Code   RO         4066    i.HAL_PWR_EnterSLEEPMode  stm32l0xx_hal_pwr.o
    0x0800174c   0x0800174c   0x00000034   Code   RO         4068    i.HAL_PWR_EnterSTOPMode  stm32l0xx_hal_pwr.o
    0x08001780   0x08001780   0x000001c0   Code   RO         3533    i.HAL_RCCEx_GetPeriphCLKFreq  stm32l0xx_hal_rcc_ex.o
    0x08001940   0x08001940   0x0000018c   Code   RO         3536    i.HAL_RCCEx_PeriphCLKConfig  stm32l0xx_hal_rcc_ex.o
    0x08001acc   0x08001acc   0x00000168   Code   RO         3422    i.HAL_RCC_ClockConfig  stm32l0xx_hal_rcc.o
    0x08001c34   0x08001c34   0x00000020   Code   RO         3428    i.HAL_RCC_GetPCLK1Freq  stm32l0xx_hal_rcc.o
    0x08001c54   0x08001c54   0x00000020   Code   RO         3429    i.HAL_RCC_GetPCLK2Freq  stm32l0xx_hal_rcc.o
    0x08001c74   0x08001c74   0x00000078   Code   RO         3430    i.HAL_RCC_GetSysClockFreq  stm32l0xx_hal_rcc.o
    0x08001cec   0x08001cec   0x0000045c   Code   RO         3433    i.HAL_RCC_OscConfig  stm32l0xx_hal_rcc.o
    0x08002148   0x08002148   0x00000002   Code   RO         4359    i.HAL_RTCEx_AlarmBEventCallback  stm32l0xx_hal_rtc_ex.o
    0x0800214a   0x0800214a   0x0000003c   Code   RO         4368    i.HAL_RTCEx_EnableBypassShadow  stm32l0xx_hal_rtc_ex.o
    0x08002186   0x08002186   0x00000008   Code   RO         6197    i.HAL_RTC_AlarmAEventCallback  mlm32l0xx_hal_msp.o
    0x0800218e   0x0800218e   0x00000002   PAD
    0x08002190   0x08002190   0x00000060   Code   RO         4227    i.HAL_RTC_AlarmIRQHandler  stm32l0xx_hal_rtc.o
    0x080021f0   0x080021f0   0x000000b8   Code   RO         4229    i.HAL_RTC_DeactivateAlarm  stm32l0xx_hal_rtc.o
    0x080022a8   0x080022a8   0x0000008c   Code   RO         4230    i.HAL_RTC_GetAlarm  stm32l0xx_hal_rtc.o
    0x08002334   0x08002334   0x00000044   Code   RO         4231    i.HAL_RTC_GetDate   stm32l0xx_hal_rtc.o
    0x08002378   0x08002378   0x0000005c   Code   RO         4233    i.HAL_RTC_GetTime   stm32l0xx_hal_rtc.o
    0x080023d4   0x080023d4   0x000000a4   Code   RO         4234    i.HAL_RTC_Init      stm32l0xx_hal_rtc.o
    0x08002478   0x08002478   0x0000005c   Code   RO         6199    i.HAL_RTC_MspInit   mlm32l0xx_hal_msp.o
    0x080024d4   0x080024d4   0x000001a0   Code   RO         4239    i.HAL_RTC_SetAlarm_IT  stm32l0xx_hal_rtc.o
    0x08002674   0x08002674   0x000000cc   Code   RO         4240    i.HAL_RTC_SetDate   stm32l0xx_hal_rtc.o
    0x08002740   0x08002740   0x000000f0   Code   RO         4241    i.HAL_RTC_SetTime   stm32l0xx_hal_rtc.o
    0x08002830   0x08002830   0x00000034   Code   RO         4242    i.HAL_RTC_WaitForSynchro  stm32l0xx_hal_rtc.o
    0x08002864   0x08002864   0x00000084   Code   RO         2671    i.HAL_SPI_Init      stm32l0xx_hal_spi.o
    0x080028e8   0x080028e8   0x00000002   Code   RO         2673    i.HAL_SPI_MspInit   stm32l0xx_hal_spi.o
    0x080028ea   0x080028ea   0x000002b8   Code   RO         2680    i.HAL_SPI_TransmitReceive  stm32l0xx_hal_spi.o
    0x08002ba2   0x08002ba2   0x0000006c   Code   RO         2924    i.HAL_UART_Init     stm32l0xx_hal_uart.o
    0x08002c0e   0x08002c0e   0x00000002   PAD
    0x08002c10   0x08002c10   0x00000018   Code   RO         6112    i.HAL_UART_MspInit  vcom.o
    0x08002c28   0x08002c28   0x000000c8   Code   RO         2932    i.HAL_UART_Transmit  stm32l0xx_hal_uart.o
    0x08002cf0   0x08002cf0   0x0000005c   Code   RO         6256    i.HW_AdcInit        mlm32l0xx_hw.o
    0x08002d4c   0x08002d4c   0x00000094   Code   RO         6257    i.HW_AdcReadChannel  mlm32l0xx_hw.o
    0x08002de0   0x08002de0   0x0000000c   Code   RO         6259    i.HW_EnterSleepMode  mlm32l0xx_hw.o
    0x08002dec   0x08002dec   0x00000078   Code   RO         6260    i.HW_EnterStopMode  mlm32l0xx_hw.o
    0x08002e64   0x08002e64   0x00000058   Code   RO         6261    i.HW_ExitStopMode   mlm32l0xx_hw.o
    0x08002ebc   0x08002ebc   0x00000038   Code   RO         5839    i.HW_GPIO_GetBitPos  hw_gpio.o
    0x08002ef4   0x08002ef4   0x00000054   Code   RO         5840    i.HW_GPIO_Init      hw_gpio.o
    0x08002f48   0x08002f48   0x00000018   Code   RO         5841    i.HW_GPIO_IrqHandler  hw_gpio.o
    0x08002f60   0x08002f60   0x00000034   Code   RO         5843    i.HW_GPIO_SetIrq    hw_gpio.o
    0x08002f94   0x08002f94   0x0000000a   Code   RO         5844    i.HW_GPIO_Write     hw_gpio.o
    0x08002f9e   0x08002f9e   0x00000002   PAD
    0x08002fa0   0x08002fa0   0x00000050   Code   RO         6262    i.HW_GetBatteryLevel  mlm32l0xx_hw.o
    0x08002ff0   0x08002ff0   0x00000014   Code   RO         6263    i.HW_GetRandomSeed  mlm32l0xx_hw.o
    0x08003004   0x08003004   0x00000044   Code   RO         6265    i.HW_GetUniqueId    mlm32l0xx_hw.o
    0x08003048   0x08003048   0x000000b0   Code   RO         6266    i.HW_GpioInit       mlm32l0xx_hw.o
    0x080030f8   0x080030f8   0x0000004c   Code   RO         6267    i.HW_Init           mlm32l0xx_hw.o
    0x08003144   0x08003144   0x00000026   Code   RO         5890    i.HW_RTC_DelayMs    hw_rtc.o
    0x0800316a   0x0800316a   0x00000002   PAD
    0x0800316c   0x0800316c   0x000000a4   Code   RO         5891    i.HW_RTC_GetCalendarValue  hw_rtc.o
    0x08003210   0x08003210   0x00000004   Code   RO         5892    i.HW_RTC_GetMinimumTimeout  hw_rtc.o
    0x08003214   0x08003214   0x0000000c   Code   RO         5893    i.HW_RTC_GetTimerContext  hw_rtc.o
    0x08003220   0x08003220   0x0000001c   Code   RO         5894    i.HW_RTC_GetTimerElapsedTime  hw_rtc.o
    0x0800323c   0x0800323c   0x00000010   Code   RO         5895    i.HW_RTC_GetTimerValue  hw_rtc.o
    0x0800324c   0x0800324c   0x0000002c   Code   RO         5896    i.HW_RTC_Init       hw_rtc.o
    0x08003278   0x08003278   0x00000014   Code   RO         5897    i.HW_RTC_IrqHandler  hw_rtc.o
    0x0800328c   0x0800328c   0x00000044   Code   RO         5898    i.HW_RTC_SetAlarm   hw_rtc.o
    0x080032d0   0x080032d0   0x00000060   Code   RO         5899    i.HW_RTC_SetConfig  hw_rtc.o
    0x08003330   0x08003330   0x00000018   Code   RO         5900    i.HW_RTC_SetTimerContext  hw_rtc.o
    0x08003348   0x08003348   0x00000118   Code   RO         5901    i.HW_RTC_StartWakeUpAlarm  hw_rtc.o
    0x08003460   0x08003460   0x00000020   Code   RO         5902    i.HW_RTC_StopAlarm  hw_rtc.o
    0x08003480   0x08003480   0x00000010   Code   RO         5903    i.HW_RTC_Tick2ms    hw_rtc.o
    0x08003490   0x08003490   0x00000010   Code   RO         5905    i.HW_RTC_ms2Tick    hw_rtc.o
    0x080034a0   0x080034a0   0x00000074   Code   RO         5906    i.HW_RTC_setMcuWakeUpTime  hw_rtc.o
    0x08003514   0x08003514   0x00000020   Code   RO         6010    i.HW_SPI_InOut      hw_spi.o
    0x08003534   0x08003534   0x00000084   Code   RO         6011    i.HW_SPI_Init       hw_spi.o
    0x080035b8   0x080035b8   0x00000060   Code   RO         6013    i.HW_SPI_IoInit     hw_spi.o
    0x08003618   0x08003618   0x00000004   Code   RO         6361    i.HardFault_Handler  mlm32l0xx_it.o
    0x0800361c   0x0800361c   0x0000007c   Code   RO         6764    i.LoRaMacComputeMic  loramaccrypto.o
    0x08003698   0x08003698   0x00000218   Code   RO         6533    i.LoRaMacInitialization  loramac.o
    0x080038b0   0x080038b0   0x00000048   Code   RO         6765    i.LoRaMacJoinComputeMic  loramaccrypto.o
    0x080038f8   0x080038f8   0x00000088   Code   RO         6766    i.LoRaMacJoinComputeSKeys  loramaccrypto.o
    0x08003980   0x08003980   0x00000040   Code   RO         6767    i.LoRaMacJoinDecrypt  loramaccrypto.o
    0x080039c0   0x080039c0   0x000000ec   Code   RO         6534    i.LoRaMacMcpsRequest  loramac.o
    0x08003aac   0x08003aac   0x000000d4   Code   RO         6535    i.LoRaMacMibGetRequestConfirm  loramac.o
    0x08003b80   0x08003b80   0x000001a0   Code   RO         6536    i.LoRaMacMibSetRequestConfirm  loramac.o
    0x08003d20   0x08003d20   0x00000114   Code   RO         6537    i.LoRaMacMlmeRequest  loramac.o
    0x08003e34   0x08003e34   0x00000010   Code   RO         6768    i.LoRaMacPayloadDecrypt  loramaccrypto.o
    0x08003e44   0x08003e44   0x000000c0   Code   RO         6769    i.LoRaMacPayloadEncrypt  loramaccrypto.o
    0x08003f04   0x08003f04   0x000000bc   Code   RO         6540    i.LoRaMacQueryTxPossible  loramac.o
    0x08003fc0   0x08003fc0   0x00000068   Code   RO         6055    i.LoraRxData        main.o
    0x08004028   0x08004028   0x000000f4   Code   RO         6056    i.LoraTxData        main.o
    0x0800411c   0x0800411c   0x00000018   Code   RO         8636    i.LowPower_Disable  low_power.o
    0x08004134   0x08004134   0x00000018   Code   RO         8637    i.LowPower_Enable   low_power.o
    0x0800414c   0x0800414c   0x0000000c   Code   RO         8638    i.LowPower_GetState  low_power.o
    0x08004158   0x08004158   0x00000024   Code   RO         8639    i.LowPower_Handler  low_power.o
    0x0800417c   0x0800417c   0x00000030   Code   RO         6200    i.MSP_GetIRQn       mlm32l0xx_hal_msp.o
    0x080041ac   0x080041ac   0x0000000c   Code   RO         6457    i.McpsConfirm       lora.o
    0x080041b8   0x080041b8   0x00000168   Code   RO         6458    i.McpsIndication    lora.o
    0x08004320   0x08004320   0x00000048   Code   RO         6459    i.MlmeConfirm       lora.o
    0x08004368   0x08004368   0x00000002   Code   RO         6363    i.NMI_Handler       mlm32l0xx_it.o
    0x0800436a   0x0800436a   0x00000002   PAD
    0x0800436c   0x0800436c   0x00000044   Code   RO         3826    i.NVIC_SetPriority  stm32l0xx_hal_cortex.o
    0x080043b0   0x080043b0   0x00000038   Code   RO         6545    i.OnAckTimeoutTimerEvent  loramac.o
    0x080043e8   0x080043e8   0x00000214   Code   RO         6546    i.OnMacStateCheckTimerEvent  loramac.o
    0x080045fc   0x080045fc   0x00000474   Code   RO         6547    i.OnRadioRxDone     loramac.o
    0x08004a70   0x08004a70   0x00000048   Code   RO         6548    i.OnRadioRxError    loramac.o
    0x08004ab8   0x08004ab8   0x00000048   Code   RO         6549    i.OnRadioRxTimeout  loramac.o
    0x08004b00   0x08004b00   0x00000100   Code   RO         6550    i.OnRadioTxDone     loramac.o
    0x08004c00   0x08004c00   0x0000003c   Code   RO         6551    i.OnRadioTxTimeout  loramac.o
    0x08004c3c   0x08004c3c   0x00000058   Code   RO         6552    i.OnRxWindow1TimerEvent  loramac.o
    0x08004c94   0x08004c94   0x0000005c   Code   RO         6553    i.OnRxWindow2TimerEvent  loramac.o
    0x08004cf0   0x08004cf0   0x0000002c   Code   RO         6460    i.OnSendEvent       lora.o
    0x08004d1c   0x08004d1c   0x0000001c   Code   RO         2198    i.OnTcxoStopTimerEvent  mlm32l07x01.o
    0x08004d38   0x08004d38   0x0000000a   Code   RO         6057    i.OnTimerLedEvent   main.o
    0x08004d42   0x08004d42   0x00000002   PAD
    0x08004d44   0x08004d44   0x00000070   Code   RO         6554    i.OnTxDelayedTimerEvent  loramac.o
    0x08004db4   0x08004db4   0x00000014   Code   RO         6461    i.OnTxNextPacketTimerEvent  lora.o
    0x08004dc8   0x08004dc8   0x00000054   Code   RO         6555    i.ParseMacCommandsToRepeat  loramac.o
    0x08004e1c   0x08004e1c   0x00000002   Code   RO         6364    i.PendSV_Handler    mlm32l0xx_it.o
    0x08004e1e   0x08004e1e   0x00000002   PAD
    0x08004e20   0x08004e20   0x000002a4   Code   RO         6556    i.PrepareFrame      loramac.o
    0x080050c4   0x080050c4   0x0000004c   Code   RO         6557    i.PrepareRxDoneAbort  loramac.o
    0x08005110   0x08005110   0x00000070   Code   RO         6462    i.PrepareTxFrame    lora.o
    0x08005180   0x08005180   0x000002b0   Code   RO         6558    i.ProcessMacCommands  loramac.o
    0x08005430   0x08005430   0x00000070   Code   RO         3434    i.RCC_SetFlashLatencyFromMSIRange  stm32l0xx_hal_rcc.o
    0x080054a0   0x080054a0   0x00000010   Code   RO         4243    i.RTC_Bcd2ToByte    stm32l0xx_hal_rtc.o
    0x080054b0   0x080054b0   0x00000016   Code   RO         4244    i.RTC_ByteToBcd2    stm32l0xx_hal_rtc.o
    0x080054c6   0x080054c6   0x00000038   Code   RO         4245    i.RTC_EnterInitMode  stm32l0xx_hal_rtc.o
    0x080054fe   0x080054fe   0x00000008   Code   RO         6365    i.RTC_IRQHandler    mlm32l0xx_it.o
    0x08005506   0x08005506   0x00000002   PAD
    0x08005508   0x08005508   0x00000060   Code   RO         6981    i.RegionAS923AdrNext  regionas923.o
    0x08005568   0x08005568   0x00000004   Code   RO         6982    i.RegionAS923AlternateDr  regionas923.o
    0x0800556c   0x0800556c   0x00000064   Code   RO         6983    i.RegionAS923ApplyCFList  regionas923.o
    0x080055d0   0x080055d0   0x0000005c   Code   RO         6984    i.RegionAS923CalcBackOff  regionas923.o
    0x0800562c   0x0800562c   0x0000002c   Code   RO         6985    i.RegionAS923ChanMaskSet  regionas923.o
    0x08005658   0x08005658   0x000000d4   Code   RO         6986    i.RegionAS923ChannelAdd  regionas923.o
    0x0800572c   0x0800572c   0x00000030   Code   RO         6987    i.RegionAS923ChannelsRemove  regionas923.o
    0x0800575c   0x0800575c   0x00000038   Code   RO         6988    i.RegionAS923DlChannelReq  regionas923.o
    0x08005794   0x08005794   0x000000c8   Code   RO         6989    i.RegionAS923GetPhyParam  regionas923.o
    0x0800585c   0x0800585c   0x00000048   Code   RO         6990    i.RegionAS923InitDefaults  regionas923.o
    0x080058a4   0x080058a4   0x00000118   Code   RO         6991    i.RegionAS923LinkAdrReq  regionas923.o
    0x080059bc   0x080059bc   0x00000048   Code   RO         6992    i.RegionAS923NewChannelReq  regionas923.o
    0x08005a04   0x08005a04   0x00000104   Code   RO         6993    i.RegionAS923NextChannel  regionas923.o
    0x08005b08   0x08005b08   0x00000134   Code   RO         6994    i.RegionAS923RxConfig  regionas923.o
    0x08005c3c   0x08005c3c   0x00000044   Code   RO         6995    i.RegionAS923RxParamSetupReq  regionas923.o
    0x08005c80   0x08005c80   0x00000028   Code   RO         6996    i.RegionAS923SetBandTxDone  regionas923.o
    0x08005ca8   0x08005ca8   0x0000002c   Code   RO         6997    i.RegionAS923SetContinuousWave  regionas923.o
    0x08005cd4   0x08005cd4   0x000000b8   Code   RO         6998    i.RegionAS923TxConfig  regionas923.o
    0x08005d8c   0x08005d8c   0x00000004   Code   RO         6999    i.RegionAS923TxParamSetupReq  regionas923.o
    0x08005d90   0x08005d90   0x00000040   Code   RO         7000    i.RegionAS923Verify  regionas923.o
    0x08005dd0   0x08005dd0   0x0000001e   Code   RO         6830    i.RegionAdrNext     region.o
    0x08005dee   0x08005dee   0x00000012   Code   RO         6831    i.RegionAlternateDr  region.o
    0x08005e00   0x08005e00   0x0000000e   Code   RO         6832    i.RegionApplyCFList  region.o
    0x08005e0e   0x08005e0e   0x0000000e   Code   RO         6833    i.RegionCalcBackOff  region.o
    0x08005e1c   0x08005e1c   0x00000012   Code   RO         6834    i.RegionChanMaskSet  region.o
    0x08005e2e   0x08005e2e   0x00000026   Code   RO         7596    i.RegionCommonChanDisable  regioncommon.o
    0x08005e54   0x08005e54   0x0000001e   Code   RO         7597    i.RegionCommonChanMaskCopy  regioncommon.o
    0x08005e72   0x08005e72   0x00000060   Code   RO         7598    i.RegionCommonChanVerifyDr  regioncommon.o
    0x08005ed2   0x08005ed2   0x00000044   Code   RO         7599    i.RegionCommonCountChannels  regioncommon.o
    0x08005f16   0x08005f16   0x00000002   PAD
    0x08005f18   0x08005f18   0x00000028   Code   RO         7600    i.RegionCommonGetJoinDc  regioncommon.o
    0x08005f40   0x08005f40   0x00000036   Code   RO         7601    i.RegionCommonParseLinkAdrReq  regioncommon.o
    0x08005f76   0x08005f76   0x00000004   Code   RO         7602    i.RegionCommonSetBandTxDone  regioncommon.o
    0x08005f7a   0x08005f7a   0x00000076   Code   RO         7603    i.RegionCommonUpdateBandTimeOff  regioncommon.o
    0x08005ff0   0x08005ff0   0x00000010   Code   RO         7604    i.RegionCommonValueInRange  regioncommon.o
    0x08006000   0x08006000   0x00000012   Code   RO         6837    i.RegionDlChannelReq  region.o
    0x08006012   0x08006012   0x0000000e   Code   RO         6838    i.RegionGetPhyParam  region.o
    0x08006020   0x08006020   0x0000000e   Code   RO         6839    i.RegionInitDefaults  region.o
    0x0800602e   0x0800602e   0x0000000c   Code   RO         6840    i.RegionIsActive    region.o
    0x0800603a   0x0800603a   0x00000022   Code   RO         6841    i.RegionLinkAdrReq  region.o
    0x0800605c   0x0800605c   0x00000012   Code   RO         6842    i.RegionNewChannelReq  region.o
    0x0800606e   0x0800606e   0x0000001a   Code   RO         6843    i.RegionNextChannel  region.o
    0x08006088   0x08006088   0x00000016   Code   RO         6844    i.RegionRxConfig    region.o
    0x0800609e   0x0800609e   0x00000012   Code   RO         6845    i.RegionRxParamSetupReq  region.o
    0x080060b0   0x080060b0   0x0000000e   Code   RO         6846    i.RegionSetBandTxDone  region.o
    0x080060be   0x080060be   0x0000000e   Code   RO         6847    i.RegionSetContinuousWave  region.o
    0x080060cc   0x080060cc   0x0000001a   Code   RO         6848    i.RegionTxConfig    region.o
    0x080060e6   0x080060e6   0x00000012   Code   RO         6849    i.RegionTxParamSetupReq  region.o
    0x080060f8   0x080060f8   0x00000016   Code   RO         6850    i.RegionVerify      region.o
    0x0800610e   0x0800610e   0x00000002   PAD
    0x08006110   0x08006110   0x0000008c   Code   RO         6559    i.ResetMacParameters  loramac.o
    0x0800619c   0x0800619c   0x00000094   Code   RO         2332    i.RxChainCalibration  sx1276.o
    0x08006230   0x08006230   0x00000018   Code   RO         6560    i.RxWindowSetup     loramac.o
    0x08006248   0x08006248   0x000000b2   Code   RO         2701    i.SPI_WaitOnFlagUntilTimeout  stm32l0xx_hal_spi.o
    0x080062fa   0x080062fa   0x00000002   Code   RO         6366    i.SVC_Handler       mlm32l0xx_it.o
    0x080062fc   0x080062fc   0x00000004   Code   RO         2199    i.SX1276CheckRfFrequency  mlm32l07x01.o
    0x08006300   0x08006300   0x0000000c   Code   RO         2333    i.SX1276GetStatus   sx1276.o
    0x0800630c   0x0800630c   0x000001e4   Code   RO         2334    i.SX1276GetTimeOnAir  sx1276.o
    0x080064f0   0x080064f0   0x00000088   Code   RO         2335    i.SX1276Init        sx1276.o
    0x08006578   0x08006578   0x00000050   Code   RO         2201    i.SX1276IoDeInit    mlm32l07x01.o
    0x080065c8   0x080065c8   0x00000064   Code   RO         2202    i.SX1276IoInit      mlm32l07x01.o
    0x0800662c   0x0800662c   0x00000044   Code   RO         2203    i.SX1276IoIrqInit   mlm32l07x01.o
    0x08006670   0x08006670   0x00000036   Code   RO         2336    i.SX1276IsChannelFree  sx1276.o
    0x080066a6   0x080066a6   0x00000002   PAD
    0x080066a8   0x080066a8   0x0000025c   Code   RO         2337    i.SX1276OnDio0Irq   sx1276.o
    0x08006904   0x08006904   0x000000d8   Code   RO         2338    i.SX1276OnDio1Irq   sx1276.o
    0x080069dc   0x080069dc   0x000000b4   Code   RO         2339    i.SX1276OnDio2Irq   sx1276.o
    0x08006a90   0x08006a90   0x00000054   Code   RO         2340    i.SX1276OnDio3Irq   sx1276.o
    0x08006ae4   0x08006ae4   0x0000001c   Code   RO         2341    i.SX1276OnDio4Irq   sx1276.o
    0x08006b00   0x08006b00   0x00000084   Code   RO         2343    i.SX1276OnTimeoutIrq  sx1276.o
    0x08006b84   0x08006b84   0x0000003e   Code   RO         2344    i.SX1276Random      sx1276.o
    0x08006bc2   0x08006bc2   0x00000010   Code   RO         2345    i.SX1276Read        sx1276.o
    0x08006bd2   0x08006bd2   0x00000042   Code   RO         2346    i.SX1276ReadBuffer  sx1276.o
    0x08006c14   0x08006c14   0x0000000e   Code   RO         2347    i.SX1276ReadFifo    sx1276.o
    0x08006c22   0x08006c22   0x00000002   PAD
    0x08006c24   0x08006c24   0x00000044   Code   RO         2348    i.SX1276ReadRssi    sx1276.o
    0x08006c68   0x08006c68   0x00000050   Code   RO         2349    i.SX1276Reset       sx1276.o
    0x08006cb8   0x08006cb8   0x000000ec   Code   RO         2350    i.SX1276Send        sx1276.o
    0x08006da4   0x08006da4   0x00000044   Code   RO         2204    i.SX1276SetAntSw    mlm32l07x01.o
    0x08006de8   0x08006de8   0x000000f4   Code   RO         2205    i.SX1276SetAntSwLowPower  mlm32l07x01.o
    0x08006edc   0x08006edc   0x00000050   Code   RO         2351    i.SX1276SetChannel  sx1276.o
    0x08006f2c   0x08006f2c   0x00000030   Code   RO         2352    i.SX1276SetMaxPayloadLength  sx1276.o
    0x08006f5c   0x08006f5c   0x00000060   Code   RO         2353    i.SX1276SetModem    sx1276.o
    0x08006fbc   0x08006fbc   0x0000002e   Code   RO         2354    i.SX1276SetOpMode   sx1276.o
    0x08006fea   0x08006fea   0x00000090   Code   RO         2206    i.SX1276SetRfTxPower  mlm32l07x01.o
    0x0800707a   0x0800707a   0x00000002   PAD
    0x0800707c   0x0800707c   0x00000264   Code   RO         2355    i.SX1276SetRx       sx1276.o
    0x080072e0   0x080072e0   0x00000248   Code   RO         2356    i.SX1276SetRxConfig  sx1276.o
    0x08007528   0x08007528   0x00000024   Code   RO         2357    i.SX1276SetSleep    sx1276.o
    0x0800754c   0x0800754c   0x00000024   Code   RO         2358    i.SX1276SetStby     sx1276.o
    0x08007570   0x08007570   0x00000014   Code   RO         2359    i.SX1276SetSyncWord  sx1276.o
    0x08007584   0x08007584   0x000000a4   Code   RO         2360    i.SX1276SetTx       sx1276.o
    0x08007628   0x08007628   0x000001f0   Code   RO         2361    i.SX1276SetTxConfig  sx1276.o
    0x08007818   0x08007818   0x00000090   Code   RO         2362    i.SX1276SetTxContinuousWave  sx1276.o
    0x080078a8   0x080078a8   0x00000038   Code   RO         2363    i.SX1276StartCad    sx1276.o
    0x080078e0   0x080078e0   0x0000000c   Code   RO         2364    i.SX1276Write       sx1276.o
    0x080078ec   0x080078ec   0x00000042   Code   RO         2365    i.SX1276WriteBuffer  sx1276.o
    0x0800792e   0x0800792e   0x0000000e   Code   RO         2366    i.SX1276WriteFifo   sx1276.o
    0x0800793c   0x0800793c   0x00000088   Code   RO         6561    i.ScheduleTx        loramac.o
    0x080079c4   0x080079c4   0x00000040   Code   RO         6562    i.Send              loramac.o
    0x08007a04   0x08007a04   0x0000006c   Code   RO         6463    i.SendFrame         lora.o
    0x08007a70   0x08007a70   0x00000090   Code   RO         6563    i.SendFrameOnChannel  loramac.o
    0x08007b00   0x08007b00   0x00000028   Code   RO         6564    i.SetPublicNetwork  loramac.o
    0x08007b28   0x08007b28   0x00000050   Code   RO         6565    i.SetTxContinuousWave  loramac.o
    0x08007b78   0x08007b78   0x00000008   Code   RO         6367    i.SysTick_Handler   mlm32l0xx_it.o
    0x08007b80   0x08007b80   0x0000008c   Code   RO         6268    i.SystemClock_Config  mlm32l0xx_hw.o
    0x08007c0c   0x08007c0c   0x00000054   Code   RO         2630    i.SystemInit        system_stm32l0xx.o
    0x08007c60   0x08007c60   0x0000000c   Code   RO         8676    i.TimerGetCurrentTime  timeserver.o
    0x08007c6c   0x08007c6c   0x00000018   Code   RO         8677    i.TimerGetElapsedTime  timeserver.o
    0x08007c84   0x08007c84   0x0000000e   Code   RO         8678    i.TimerInit         timeserver.o
    0x08007c92   0x08007c92   0x00000002   PAD
    0x08007c94   0x08007c94   0x0000001c   Code   RO         8679    i.TimerInsertNewHeadTimer  timeserver.o
    0x08007cb0   0x08007cb0   0x00000078   Code   RO         8680    i.TimerIrqHandler   timeserver.o
    0x08007d28   0x08007d28   0x0000002c   Code   RO         8682    i.TimerSetTimeout   timeserver.o
    0x08007d54   0x08007d54   0x00000022   Code   RO         8683    i.TimerSetValue     timeserver.o
    0x08007d76   0x08007d76   0x00000002   PAD
    0x08007d78   0x08007d78   0x00000070   Code   RO         8684    i.TimerStart        timeserver.o
    0x08007de8   0x08007de8   0x00000060   Code   RO         8685    i.TimerStop         timeserver.o
    0x08007e48   0x08007e48   0x000000ca   Code   RO         2937    i.UART_AdvFeatureConfig  stm32l0xx_hal_uart.o
    0x08007f12   0x08007f12   0x00000002   PAD
    0x08007f14   0x08007f14   0x00000060   Code   RO         2938    i.UART_CheckIdleState  stm32l0xx_hal_uart.o
    0x08007f74   0x08007f74   0x00000230   Code   RO         2952    i.UART_SetConfig    stm32l0xx_hal_uart.o
    0x080081a4   0x080081a4   0x00000062   Code   RO         2954    i.UART_WaitOnFlagUntilTimeout  stm32l0xx_hal_uart.o
    0x08008206   0x08008206   0x00000008   Code   RO         6368    i.USART2_IRQHandler  mlm32l0xx_it.o
    0x0800820e   0x0800820e   0x00000002   PAD
    0x08008210   0x08008210   0x00000040   Code   RO         6566    i.ValidatePayloadLength  loramac.o
    0x08008250   0x08008250   0x00000014   Code   RO         7001    i.VerifyTxFreq      regionas923.o
    0x08008264   0x08008264   0x00000024   Code   RO         9172    i.__0vsprintf       mc_p.l(printfa.o)
    0x08008288   0x08008288   0x0000002e   Code   RO         9256    i.__ARM_clz         mf_p.l(depilogue.o)
    0x080082b6   0x080082b6   0x00000030   Code   RO         5998    i.__ARM_common_ll_muluu  hw_rtc.o
    0x080082e6   0x080082e6   0x0000001a   Code   RO          394    i.__ARM_common_switch8  hts221_driver_hl.o
    0x08008300   0x08008300   0x0000000e   Code   RO         9270    i.__scatterload_copy  mc_p.l(handlers.o)
    0x0800830e   0x0800830e   0x00000002   Code   RO         9271    i.__scatterload_null  mc_p.l(handlers.o)
    0x08008310   0x08008310   0x0000000e   Code   RO         9272    i.__scatterload_zeroinit  mc_p.l(handlers.o)
    0x0800831e   0x0800831e   0x00000002   PAD
    0x08008320   0x08008320   0x00000174   Code   RO         9173    i._fp_digits        mc_p.l(printfa.o)
    0x08008494   0x08008494   0x000006ec   Code   RO         9174    i._printf_core      mc_p.l(printfa.o)
    0x08008b80   0x08008b80   0x00000020   Code   RO         9175    i._printf_post_padding  mc_p.l(printfa.o)
    0x08008ba0   0x08008ba0   0x0000002c   Code   RO         9176    i._printf_pre_padding  mc_p.l(printfa.o)
    0x08008bcc   0x08008bcc   0x0000000a   Code   RO         9178    i._sputc            mc_p.l(printfa.o)
    0x08008bd6   0x08008bd6   0x00000054   Code   RO         8820    i.aes_encrypt       aes.o
    0x08008c2a   0x08008c2a   0x00000002   PAD
    0x08008c2c   0x08008c2c   0x000000fc   Code   RO         8821    i.aes_set_key       aes.o
    0x08008d28   0x08008d28   0x000000c8   Code   RO         8909    i.ceil              m_ps.l(ceil.o)
    0x08008df0   0x08008df0   0x00000084   Code   RO         8822    i.copy_and_key      aes.o
    0x08008e74   0x08008e74   0x00000042   Code   RO         8823    i.copy_block        aes.o
    0x08008eb6   0x08008eb6   0x00000002   PAD
    0x08008eb8   0x08008eb8   0x000000c8   Code   RO         8913    i.floor             m_ps.l(floor.o)
    0x08008f80   0x08008f80   0x000000d4   Code   RO         6464    i.lora_Init         lora.o
    0x08009054   0x08009054   0x00000118   Code   RO         6465    i.lora_fsm          lora.o
    0x0800916c   0x0800916c   0x0000000c   Code   RO         6466    i.lora_getDeviceState  lora.o
    0x08009178   0x08009178   0x00000050   Code   RO         6058    i.main              main.o
    0x080091c8   0x080091c8   0x00000016   Code   RO         8764    i.memcpy1           utilities.o
    0x080091de   0x080091de   0x0000001a   Code   RO         8765    i.memcpyr           utilities.o
    0x080091f8   0x080091f8   0x00000012   Code   RO         8766    i.memset1           utilities.o
    0x0800920a   0x0800920a   0x00000002   PAD
    0x0800920c   0x0800920c   0x00000218   Code   RO         8824    i.mix_sub_columns   aes.o
    0x08009424   0x08009424   0x0000002c   Code   RO         8767    i.rand1             utilities.o
    0x08009450   0x08009450   0x00000016   Code   RO         8768    i.randr             utilities.o
    0x08009466   0x08009466   0x00000002   PAD
    0x08009468   0x08009468   0x0000009c   Code   RO         8916    i.round             m_ps.l(round.o)
    0x08009504   0x08009504   0x00000068   Code   RO         8825    i.shift_sub_rows    aes.o
    0x0800956c   0x0800956c   0x0000000c   Code   RO         8769    i.srand1            utilities.o
    0x08009578   0x08009578   0x00000044   Code   RO         6114    i.vcom_Init         vcom.o
    0x080095bc   0x080095bc   0x00000054   Code   RO         6115    i.vcom_IoDeInit     vcom.o
    0x08009610   0x08009610   0x0000005c   Code   RO         6116    i.vcom_IoInit       vcom.o
    0x0800966c   0x0800966c   0x00000054   Code   RO         6117    i.vcom_Print        vcom.o
    0x080096c0   0x080096c0   0x0000007c   Code   RO         6118    i.vcom_Send         vcom.o
    0x0800973c   0x0800973c   0x00000082   Code   RO         8826    i.xor_block         aes.o
    0x080097be   0x080097be   0x00000002   PAD
    0x080097c0   0x080097c0   0x00000064   Data   RO         2208    .constdata          mlm32l07x01.o
    0x08009824   0x08009824   0x000000e0   Data   RO         2368    .constdata          sx1276.o
    0x08009904   0x08009904   0x0000000c   Data   RO         2573    .constdata          b-l072z-lrwan1.o
    0x08009910   0x08009910   0x00000019   Data   RO         2631    .constdata          system_stm32l0xx.o
    0x08009929   0x08009929   0x00000008   Data   RO         2632    .constdata          system_stm32l0xx.o
    0x08009931   0x08009931   0x00000018   Data   RO         5908    .constdata          hw_rtc.o
    0x08009949   0x08009949   0x00000010   Data   RO         6568    .constdata          loramac.o
    0x08009959   0x08009959   0x00000003   PAD
    0x0800995c   0x0800995c   0x00000048   Data   RO         7003    .constdata          regionas923.o
    0x080099a4   0x080099a4   0x00000300   Data   RO         8827    .constdata          aes.o
    0x08009ca4   0x08009ca4   0x00000020   Data   RO         9268    Region$$Table       anon$$obj.o


    Execution Region RW_IRAM1 (Exec base: 0x20000000, Load base: 0x08009cc4, Size: 0x00001190, Max: 0x00005000, ABSOLUTE, COMPRESSED[0x0000006c])

    Exec Addr    Load Addr    Size         Type   Attr      Idx    E Section Name        Object

    0x20000000   COMPRESSED   0x00000001   Data   RW         2209    .data               mlm32l07x01.o
    0x20000001   COMPRESSED   0x00000003   PAD
    0x20000004   COMPRESSED   0x0000001c   Data   RW         2369    .data               sx1276.o
    0x20000020   COMPRESSED   0x00000014   Data   RW         2574    .data               b-l072z-lrwan1.o
    0x20000034   COMPRESSED   0x00000004   Data   RW         2633    .data               system_stm32l0xx.o
    0x20000038   COMPRESSED   0x00000004   Data   RW         3671    .data               stm32l0xx_hal.o
    0x2000003c   COMPRESSED   0x00000004   Data   RW         5909    .data               hw_rtc.o
    0x20000040   COMPRESSED   0x00000024   Data   RW         6060    .data               main.o
    0x20000064   COMPRESSED   0x00000004   Data   RW         6121    .data               vcom.o
    0x20000068   COMPRESSED   0x00000002   Data   RW         6270    .data               mlm32l0xx_hw.o
    0x2000006a   COMPRESSED   0x00000002   PAD
    0x2000006c   COMPRESSED   0x00000038   Data   RW         6469    .data               lora.o
    0x200000a4   COMPRESSED   0x00000068   Data   RW         6569    .data               loramac.o
    0x2000010c   COMPRESSED   0x00000020   Data   RW         6771    .data               loramaccrypto.o
    0x2000012c   COMPRESSED   0x00000010   Data   RW         7004    .data               regionas923.o
    0x2000013c   COMPRESSED   0x00000004   Data   RW         8640    .data               low_power.o
    0x20000140   COMPRESSED   0x00000004   Data   RW         8686    .data               timeserver.o
    0x20000144   COMPRESSED   0x00000004   Data   RW         8770    .data               utilities.o
    0x20000148        -       0x00000014   Zero   RW         2207    .bss                mlm32l07x01.o
    0x2000015c        -       0x0000019c   Zero   RW         2367    .bss                sx1276.o
    0x200002f8        -       0x00000040   Zero   RW         5845    .bss                hw_gpio.o
    0x20000338        -       0x00000068   Zero   RW         5907    .bss                hw_rtc.o
    0x200003a0        -       0x00000058   Zero   RW         6014    .bss                hw_spi.o
    0x200003f8        -       0x00000014   Zero   RW         6059    .bss                main.o
    0x2000040c        -       0x00000170   Zero   RW         6120    .bss                vcom.o
    0x2000057c        -       0x00000060   Zero   RW         6269    .bss                mlm32l0xx_hw.o
    0x200005dc        -       0x00000040   Zero   RW         6467    .bss                lora.o
    0x2000061c        -       0x00000040   Zero   RW         6468    .bss                lora.o
    0x2000065c        -       0x00000444   Zero   RW         6567    .bss                loramac.o
    0x20000aa0        -       0x0000022c   Zero   RW         6770    .bss                loramaccrypto.o
    0x20000ccc        -       0x000000c0   Zero   RW         7002    .bss                regionas923.o
    0x20000d8c   COMPRESSED   0x00000004   PAD
    0x20000d90        -       0x00000400   Zero   RW         5772    STACK               startup_stm32l072xx.o


==============================================================================

Image component sizes


      Code (inc. data)   RO Data    RW Data    ZI Data      Debug   Object Name

      1304         12        768          0          0      14632   aes.o
       164         32         12         20          0       3564   b-l072z-lrwan1.o
        30         10          0          0          0       2172   bsp.o
       516          0          0          0          0       4625   cmac.o
        98          4          0          0          0       1439   debug.o
         8          0          0          0          0       1170   delay.o
         0          0          0          0          0       4508   hts221_driver.o
        26          0          0          0          0         72   hts221_driver_hl.o
       226         26          0          0         64       3965   hw_gpio.o
      1022        106         24          4        104      12267   hw_rtc.o
       260         28          0          0         88       2685   hw_spi.o
      1232        194          0         56        128       9400   lora.o
      6712        462         16        104       1092      44044   loramac.o
       604         42          0         32        556       8003   loramaccrypto.o
        96         20          0          4          0       3180   low_power.o
       438         74          0         36         20      12487   main.o
       736         62        100          1         20      16759   mlm32l07x01.o
       208         14          0          0          0       4040   mlm32l0xx_hal_msp.o
      1020        140          0          2         96       8600   mlm32l0xx_hw.o
       158          0          0          0          0       5136   mlm32l0xx_it.o
       364          0          0          0          0      26505   region.o
      2440        210         72         16        192      26158   regionas923.o
       464         14          0          0          0       9465   regioncommon.o
        28          8        192          0       1024        668   startup_stm32l072xx.o
       108         30          0          4          0       4868   stm32l0xx_hal.o
      1026         36          0          0          0       7400   stm32l0xx_hal_adc.o
       170          0          0          0          0       1670   stm32l0xx_hal_adc_ex.o
       164         30          0          0          0      12657   stm32l0xx_hal_cortex.o
       424         38          0          0          0       3383   stm32l0xx_hal_gpio.o
       116         22          0          0          0       2070   stm32l0xx_hal_pwr.o
        32          8          0          0          0       1249   stm32l0xx_hal_pwr_ex.o
      1772        114          0          0          0       7348   stm32l0xx_hal_rcc.o
       844         56          0          0          0       3637   stm32l0xx_hal_rcc_ex.o
      1750         40          0          0          0      12329   stm32l0xx_hal_rtc.o
        62          0          0          0          0       1955   stm32l0xx_hal_rtc_ex.o
      1008          0          0          0          0       4715   stm32l0xx_hal_spi.o
      1264         80          0          0          0       7189   stm32l0xx_hal_uart.o
      5174        332        224         28        412      33823   sx1276.o
        84         18         33          4          0       1755   system_stm32l0xx.o
       484         18          0          4          0       8459   timeserver.o
       144         24          0          4          0       4939   utilities.o
       476         46          0          4        368       7075   vcom.o
         0          0          0          0          0     396972   x_nucleo_iks01a1.o

    ----------------------------------------------------------------------
     33308       2350       1476        328       4168     749037   Object Totals
         0          0         32          0          0          0   (incl. Generated)
        52          0          3          5          4          0   (incl. Padding)

    ----------------------------------------------------------------------

      Code (inc. data)   RO Data    RW Data    ZI Data      Debug   Library Member Name

       200         20          0          0          0         76   ceil.o
       200         20          0          0          0         76   floor.o
       156         14          0          0          0         84   round.o
        86          0          0          0          0          0   __dczerorl2.o
         0          0          0          0          0          0   entry.o
         0          0          0          0          0          0   entry10a.o
         0          0          0          0          0          0   entry11a.o
         8          4          0          0          0          0   entry2.o
         4          0          0          0          0          0   entry5.o
         0          0          0          0          0          0   entry7b.o
         0          0          0          0          0          0   entry8b.o
         8          4          0          0          0          0   entry9a.o
        30          0          0          0          0          0   handlers.o
        40          0          0          0          0         72   idiv.o
        36          8          0          0          0         68   init.o
         0          0          0          0          0          0   iusefp.o
        32          0          0          0          0         68   llshl.o
        38          0          0          0          0         68   llsshr.o
        34          0          0          0          0         68   llushr.o
        36          0          0          0          0         60   memcpya.o
        36          0          0          0          0        100   memseta.o
      2266         96          0          0          0        460   printfa.o
        44          0          0          0          0         72   uidiv.o
        96          0          0          0          0         84   uldiv.o
        20          0          0          0          0         60   uread4.o
        40          2          0          0          0         68   cdcmple.o
        40          2          0          0          0         68   cdrcmple.o
       356          4          0          0          0        140   dadd.o
       240          6          0          0          0         84   ddiv.o
       236          0          0          0          0        216   depilogue.o
        60         10          0          0          0         68   dfixui.o
        64         10          0          0          0         68   dfixul.o
        40          6          0          0          0         68   dflti.o
        28          4          0          0          0         68   dfltui.o
       208          6          0          0          0         88   dmul.o
       124         10          0          0          0         76   drnd.o
        44          0          0          0          0         72   dscalb.o
       124          0          0          0          0         72   fdiv.o
       130          0          0          0          0        144   fepilogue.o
        50          0          0          0          0         60   ffixi.o
        40          0          0          0          0         60   ffixui.o
       122          0          0          0          0         72   fmul.o
        24          0          0          0          0         60   fscalb.o

    ----------------------------------------------------------------------
      5348        226          0          0          0       2968   Library Totals
         8          0          0          0          0          0   (incl. Padding)

    ----------------------------------------------------------------------

      Code (inc. data)   RO Data    RW Data    ZI Data      Debug   Library Name

       556         54          0          0          0        236   m_ps.l
      2814        112          0          0          0       1180   mc_p.l
      1970         60          0          0          0       1552   mf_p.l

    ----------------------------------------------------------------------
      5348        226          0          0          0       2968   Library Totals

    ----------------------------------------------------------------------

==============================================================================


      Code (inc. data)   RO Data    RW Data    ZI Data      Debug   

     38656       2576       1476        328       4168     737429   Grand Totals
     38656       2576       1476        108       4168     737429   ELF Image Totals (compressed)
     38656       2576       1476        108          0          0   ROM Totals

==============================================================================

    Total RO  Size (Code + RO Data)                40132 (  39.19kB)
    Total RW  Size (RW Data + ZI Data)              4496 (   4.39kB)
    Total ROM Size (Code + RO Data + RW Data)      40240 (  39.30kB)

==============================================================================

