<html>
<body>
<pre>
<h1>µVision Build Log</h1>
<h2>Tool Versions:</h2>
IDE-Version: µVision V5.24.2.0
Copyright (C) 2017 ARM Ltd and ARM Germany GmbH. All rights reserved.
License Information: P K, K, LIC=CGXEX-HFIQ3-E8GXN-BU1RC-47UGM-XJR90
 
Tool Versions:
Toolchain:       MDK-ARM Cortex-M0/M0+ 256K for ST  Version: 5.24.1
Toolchain Path:  E:\Keil_v5\ARM\ARMCC\Bin
C Compiler:      Armcc.exe V5.06 update 5 (build 528)
Assembler:       Armasm.exe V5.06 update 5 (build 528)
Linker/Locator:  ArmLink.exe V5.06 update 5 (build 528)
Library Manager: ArmAr.exe V5.06 update 5 (build 528)
Hex Converter:   FromElf.exe V5.06 update 5 (build 528)
CPU DLL:         SARMCM3.DLL V5.24.1
Dialog DLL:      DARMCM1.DLL V1.18.0.0
Target DLL:      STLink\ST-LINKIII-KEIL_SWO.dll V3.0.1.0
Dialog DLL:      TARMCM1.DLL V1.13.0.0
 
<h2>Project:</h2>
D:\TESA TOPGUN\LoRa - TESA\Hand-on\STM32CubeExpansion_LRWAN_V1.1.0\Projects\Multi\Applications\LoRa\End_Node\MDK-ARM\B-L072Z-LRWAN1\Lora.uvprojx
Project File Date:  11/11/2017

<h2>Output:</h2>
*** Using Compiler 'V5.06 update 5 (build 528)', folder: 'E:\Keil_v5\ARM\ARMCC\Bin'
Rebuild target 'mlm32l07x01'
compiling HTS221_Driver_HL.c...
compiling LPS25HB_Driver_HL.c...
compiling LPS22HB_Driver_HL.c...
compiling HTS221_Driver.c...
compiling LPS22HB_Driver.c...
compiling LPS25HB_Driver.c...
compiling x_nucleo_iks01a1.c...
compiling b-l072z-lrwan1.c...
compiling x_nucleo_iks01a1_temperature.c...
compiling x_nucleo_iks01a1_pressure.c...
compiling x_nucleo_iks01a1_humidity.c...
compiling mlm32l07x01.c...
compiling sx1276.c...
compiling system_stm32l0xx.c...
compiling stm32l0xx_hal_spi.c...
compiling stm32l0xx_hal_adc.c...
compiling stm32l0xx_hal.c...
compiling stm32l0xx_hal_rcc.c...
compiling stm32l0xx_hal_uart.c...
compiling stm32l0xx_hal_rcc_ex.c...
compiling stm32l0xx_hal_cortex.c...
compiling stm32l0xx_hal_pwr_ex.c...
compiling stm32l0xx_hal_gpio.c...
compiling stm32l0xx_hal_rtc.c...
compiling stm32l0xx_hal_pwr.c...
compiling stm32l0xx_hal_rtc_ex.c...
compiling stm32l0xx_hal_dma.c...
assembling startup_stm32l072xx.s...
compiling stm32l0xx_hal_tim_ex.c...
compiling stm32l0xx_hal_tim.c...
compiling stm32l0xx_hal_uart_ex.c...
compiling debug.c...
compiling stm32l0xx_hal_adc_ex.c...
compiling bsp.c...
compiling stm32l0xx_hal_i2c.c...
compiling mlm32l0xx_hal_msp.c...
compiling hw_spi.c...
compiling hw_gpio.c...
compiling hw_rtc.c...
compiling vcom.c...
compiling main.c...
compiling mlm32l0xx_hw.c...
compiling LoRaMacCrypto.c...
compiling mlm32l0xx_it.c...
compiling RegionAU915.c...
compiling Region.c...
compiling lora.c...
compiling RegionAS923.c...
compiling LoRaMac.c...
compiling RegionCN470.c...
compiling RegionCommon.c...
compiling RegionKR920.c...
compiling RegionIN865.c...
compiling RegionCN779.c...
compiling RegionEU433.c...
compiling RegionEU868.c...
compiling aes.c...
compiling utilities.c...
compiling low_power.c...
compiling cmac.c...
compiling delay.c...
compiling timeServer.c...
compiling RegionUS915.c...
compiling RegionUS915-Hybrid.c...
linking...
Program Size: Code=38656 RO-data=1476 RW-data=328 ZI-data=4168  
FromELF: creating hex file...
".\mlm32l07x01\NUCLEO_CUBE_LORA.axf" - 0 Error(s), 0 Warning(s).

<h2>Software Packages used:</h2>

Package Vendor: Keil
                http://www.keil.com/pack/Keil.STM32L0xx_DFP.1.6.1.pack
                Keil.STM32L0xx_DFP.1.6.1
                STMicroelectronics STM32L0 Series Device Support and Examples

<h2>Collection of Component include folders:</h2>
  .\RTE\_mlm32l07x01
  E:\Keil_v5\ARM\PACK\Keil\STM32L0xx_DFP\1.6.1\Device\Include

<h2>Collection of Component Files used:</h2>
Build Time Elapsed:  00:00:29
</pre>
</body>
</html>
